2025-08-21 20:01:17,518 [Client-6] [INFO] [6] Round 1/100 for workflow banking_system, txid:75ddfd27-08b9-4758-9483-9159d939cba3
2025-08-21 20:01:17,783 [Client-1] [INFO] [1] Round 1/100 for workflow banking_system, txid:fe16eeb6-44d8-4d3b-ac65-a37ca81f3ff8
2025-08-21 20:01:17,795 [Client-12] [INFO] [12] Round 1/100 for workflow banking_system, txid:c6fefd85-bfa0-447c-8cea-fa30d625df68
2025-08-21 20:01:17,956 [Client-0] [INFO] [0] Round 1/100 for workflow banking_system, txid:86addc7d-360f-4ad9-829a-63b824557de7
2025-08-21 20:01:18,167 [Client-3] [INFO] [3] Round 1/100 for workflow banking_system, txid:107a68d4-eede-4b1f-aece-70e34e4155fe
2025-08-21 20:01:18,392 [Client-7] [INFO] [7] Round 1/100 for workflow banking_system, txid:df82f929-d08b-4c21-87f0-6800428de3f0
2025-08-21 20:01:18,479 [Client-2] [INFO] [2] Round 1/100 for workflow travel_reservation, txid:8cc96bef-626f-4a58-8d47-348f288d191e
2025-08-21 20:01:18,830 [Client-8] [INFO] [8] Round 1/100 for workflow banking_system, txid:67802a35-b520-443a-ac05-419f6439542f
2025-08-21 20:01:18,830 [Client-9] [INFO] [9] Round 1/100 for workflow banking_system, txid:2a38663e-702d-438f-82a7-91c17b828eb3
2025-08-21 20:01:18,831 [Client-2] [INFO] [2] Round 1/100 for workflow social_network, txid:03739368-5e00-4034-99ce-f93a04ca83e0
2025-08-21 20:01:18,831 [Client-13] [INFO] [13] Round 1/100 for workflow banking_system, txid:a54ea506-7cbd-443b-97c2-eca4c354e64d
2025-08-21 20:01:18,841 [Client-2] [INFO] [2] Round 1/100 for workflow banking_system, txid:7cf3d0a9-a36a-4eff-bd00-e7fa97762993
2025-08-21 20:01:18,942 [Client-5] [INFO] [5] Round 1/100 for workflow banking_system, txid:9da57063-a57c-4a27-adc1-65ba3f6f535e
2025-08-21 20:01:19,314 [Client-14] [INFO] [14] Round 1/100 for workflow banking_system, txid:8d1848c6-b2e6-4708-b115-ec1561b8e1ec
2025-08-21 20:01:19,529 [Client-3] [INFO] [3] Round 1/100 for workflow travel_reservation, txid:bbda49b8-08aa-4b39-a8c8-4a565f96d61c
2025-08-21 20:01:19,538 [Client-5] [INFO] [5] Round 1/100 for workflow social_network, txid:4cb3f319-7f20-4977-8962-dc46ba6b5a58
2025-08-21 20:01:19,946 [Client-3] [INFO] [3] Round 1/100 for workflow social_network, txid:cb467cc8-dbc9-41dd-a7c7-468b326f293f
2025-08-21 20:01:19,946 [Client-1] [INFO] [1] Round 1/100 for workflow travel_reservation, txid:98be94e5-05c2-4aeb-ba86-8ee2fe98d07b
2025-08-21 20:01:19,947 [Client-11] [INFO] [11] Round 1/100 for workflow travel_reservation, txid:b8b47aed-065b-4fc2-9c99-4f5a43c4ffc1
2025-08-21 20:01:19,969 [Client-1] [INFO] [1] Round 1/100 for workflow social_network, txid:bd11fc32-4959-47a3-8e55-fc348293c9e0
2025-08-21 20:01:19,969 [Client-5] [INFO] [5] Round 1/100 for workflow travel_reservation, txid:02f43cff-c0f9-416e-b591-8125737ee8f3
2025-08-21 20:01:20,109 [Client-4] [INFO] [4] Round 1/100 for workflow social_network, txid:e251ecaf-741c-4016-8bef-9e64d64dfc40
2025-08-21 20:01:20,153 [Client-7] [INFO] [7] Round 1/100 for workflow social_network, txid:5008aed6-d57f-4eeb-b1df-478378beca9a
2025-08-21 20:01:20,650 [Client-7] [INFO] [7] Round 1/100 for workflow travel_reservation, txid:573f564c-d7f2-4cd4-bcb7-7211e625a70c
2025-08-21 20:01:20,864 [Client-0] [INFO] [0] Round 1/100 for workflow travel_reservation, txid:606660e7-c466-446e-8577-9345e0b90142
2025-08-21 20:01:20,875 [Client-6] [INFO] [6] Round 1/100 for workflow social_network, txid:0949d51a-3cb9-4429-91ce-1a88d1760510
2025-08-21 20:01:21,013 [Client-12] [INFO] [12] Round 1/100 for workflow travel_reservation, txid:d23bbd22-be81-4207-8d9d-797c51bf953f
2025-08-21 20:01:21,081 [Client-11] [INFO] [11] Round 1/100 for workflow banking_system, txid:d0c8d5bd-e428-4012-af39-8d22b1d6954a
2025-08-21 20:01:21,533 [Client-0] [INFO] [0] Round 1/100 for workflow social_network, txid:a3beabb7-3a56-485c-81ec-00303be8ad38
2025-08-21 20:01:21,544 [Client-13] [INFO] [13] Round 1/100 for workflow travel_reservation, txid:a93a077b-0ca4-4008-ac05-6200469df2ac
2025-08-21 20:01:21,950 [Client-10] [INFO] [10] Round 1/100 for workflow social_network, txid:870fe4a3-f9a1-452a-bd11-5ab503a4a2b9
2025-08-21 20:01:22,228 [Client-14] [INFO] [14] Round 1/100 for workflow travel_reservation, txid:140d7d8d-a1e3-4e7f-bd28-38d36596c627
2025-08-21 20:01:22,228 [Client-9] [INFO] [9] Round 1/100 for workflow social_network, txid:142a5de2-c13a-4134-9f62-c727581fdb9c
2025-08-21 20:01:22,360 [Client-9] [INFO] [9] Round 1/100 for workflow travel_reservation, txid:35ccb47d-7855-4bf8-953f-eb8e21111d59
2025-08-21 20:01:22,558 [Client-4] [INFO] [4] Round 1/100 for workflow travel_reservation, txid:814d51cd-93e7-4ade-a798-02090d7f63e3
2025-08-21 20:01:23,100 [Client-13] [INFO] [13] Round 1/100 for workflow social_network, txid:ee3687bd-b4fa-4c36-8101-09078d68cb4c
2025-08-21 20:01:23,115 [Client-6] [INFO] [6] Round 1/100 for workflow travel_reservation, txid:bfbad61e-720b-4f55-ad9c-e39376aeb697
2025-08-21 20:01:23,255 [Client-8] [INFO] [8] Round 1/100 for workflow travel_reservation, txid:80356a37-4d01-442f-b596-8eb665289fdb
2025-08-21 20:01:23,454 [Client-15] [INFO] [15] Round 1/100 for workflow travel_reservation, txid:ce10d97b-2352-43bc-8728-ff7b55e25b42
2025-08-21 20:01:24,424 [Client-15] [INFO] [15] Round 1/100 for workflow social_network, txid:2f646f4e-e858-4772-a1a6-749fb5bf49fa
2025-08-21 20:01:24,424 [Client-8] [INFO] [8] Round 1/100 for workflow social_network, txid:2e766e7a-50fc-48eb-8d34-0b9582bd0ab3
2025-08-21 20:01:24,490 [Client-11] [INFO] [11] Round 1/100 for workflow social_network, txid:3410c32a-4fdf-4c9f-b81b-f0a6268cbc36
2025-08-21 20:01:29,061 [Client-12] [INFO] [12] Round 1/100 for workflow social_network, txid:295ac7e1-87c6-4010-94b4-773f3415ea40
2025-08-21 20:01:31,318 [Client-10] [INFO] [10] Round 1/100 for workflow travel_reservation, txid:d0521a87-01d1-4315-aafb-dbd19d8803ba
2025-08-21 20:01:32,471 [Client-14] [INFO] [14] Round 1/100 for workflow social_network, txid:ec516321-48cb-4ffb-acdd-28e4ce290dad
2025-08-21 20:02:03,133 [Client-6] [INFO] [6] Round 11/100 for workflow banking_system, txid:6266fd0c-df75-47ce-82f0-6d09d392a3b5
2025-08-21 20:02:04,959 [Client-3] [INFO] [3] Round 11/100 for workflow banking_system, txid:d526a5e7-afa6-4429-bf1a-9b54749867b6
2025-08-21 20:02:05,238 [Client-0] [INFO] [0] Round 11/100 for workflow banking_system, txid:58dbc264-ec51-4dab-ac4b-f14204c5c2e0
2025-08-21 20:02:05,849 [Client-4] [INFO] [4] Round 11/100 for workflow banking_system, txid:a0ddcadd-a5b2-4d39-bec0-17051011baf4
2025-08-21 20:02:06,085 [Client-10] [INFO] [10] Round 11/100 for workflow banking_system, txid:cf183e5e-e699-4405-a7ca-09b5373ff550
2025-08-21 20:02:08,280 [Client-14] [INFO] [14] Round 11/100 for workflow banking_system, txid:cc4c313e-2c01-4826-8c15-c809f8e737b6
2025-08-21 20:02:08,294 [Client-1] [INFO] [1] Round 11/100 for workflow banking_system, txid:3c6edd71-00b8-48e7-ba22-9ff72f584bd3
2025-08-21 20:02:08,560 [Client-13] [INFO] [13] Round 11/100 for workflow banking_system, txid:9283a9b6-d009-4d08-9874-966e353a5fab
2025-08-21 20:02:09,603 [Client-5] [INFO] [5] Round 11/100 for workflow banking_system, txid:26901a60-c97f-4a43-94d2-12aa9b24e842
2025-08-21 20:02:09,614 [Client-2] [INFO] [2] Round 11/100 for workflow banking_system, txid:ce0adef9-d76e-433f-a337-3500c5e0f79d
2025-08-21 20:02:11,045 [Client-11] [INFO] [11] Round 11/100 for workflow banking_system, txid:9b57a44b-91d6-4b46-bc5e-721b932896d1
2025-08-21 20:02:28,287 [Client-11] [INFO] [11] Round 11/100 for workflow travel_reservation, txid:64c83e24-7919-4b46-80a1-88b5d9077dce
2025-08-21 20:02:31,789 [Client-3] [INFO] [3] Round 11/100 for workflow travel_reservation, txid:9c2e4446-2b4c-497b-adda-421e71904b60
2025-08-21 20:02:34,024 [Client-1] [INFO] [1] Round 11/100 for workflow travel_reservation, txid:7ced8408-9eab-4700-ba08-80824de875b0
2025-08-21 20:02:34,373 [Client-2] [INFO] [2] Round 11/100 for workflow travel_reservation, txid:652b18be-9f3d-43a8-87dc-e1092aaccc08
2025-08-21 20:02:35,054 [Client-1] [INFO] [1] Round 11/100 for workflow social_network, txid:76728eb3-a969-4bc3-a89b-3f53695535f6
2025-08-21 20:02:35,067 [Client-4] [INFO] [4] Round 11/100 for workflow travel_reservation, txid:0868ce9a-dab4-4bae-ae4c-8fa4158a8f4f
2025-08-21 20:02:35,812 [Client-4] [INFO] [4] Round 11/100 for workflow social_network, txid:21bf5fea-279d-4ea0-8d27-82028f6183ab
2025-08-21 20:02:36,472 [Client-5] [INFO] [5] Round 11/100 for workflow social_network, txid:5eda4aa3-5646-4713-8046-fe1a168d0541
2025-08-21 20:02:37,079 [Client-9] [INFO] [9] Round 11/100 for workflow travel_reservation, txid:4d5ed980-b373-459d-813c-bb03a0106bed
2025-08-21 20:02:37,080 [Client-0] [INFO] [0] Round 11/100 for workflow social_network, txid:5c0b6fab-f542-47b9-997a-c435be77a91b
2025-08-21 20:02:37,081 [Client-0] [INFO] [0] Round 11/100 for workflow travel_reservation, txid:8c130056-d434-4f4b-8f80-86280bd8d0f6
2025-08-21 20:02:38,619 [Client-9] [INFO] [9] Round 11/100 for workflow social_network, txid:77f1ea53-6c06-4ba8-b1f8-1790c33f0d83
2025-08-21 20:02:39,799 [Client-11] [INFO] [11] Round 11/100 for workflow social_network, txid:b1815e12-7853-4c6f-b41f-567a8b121e1d
2025-08-21 20:02:40,489 [Client-13] [INFO] [13] Round 11/100 for workflow travel_reservation, txid:0f4b1f79-1212-44c2-a2ec-b5103ea3b6b2
2025-08-21 20:02:40,502 [Client-8] [INFO] [8] Round 11/100 for workflow social_network, txid:a22b8106-edd6-4dee-aebc-2ef8874b37e3
2025-08-21 20:02:41,315 [Client-10] [INFO] [10] Round 11/100 for workflow social_network, txid:88f508e1-8215-4d0f-88f3-be24d6d70f58
2025-08-21 20:02:41,331 [Client-7] [INFO] [7] Round 11/100 for workflow travel_reservation, txid:eaf1562c-8015-4319-9936-f03a0632b025
2025-08-21 20:02:42,334 [Client-7] [INFO] [7] Round 11/100 for workflow social_network, txid:d258734f-510d-4027-b275-525ad78f88a6
2025-08-21 20:02:42,938 [Client-8] [INFO] [8] Round 11/100 for workflow travel_reservation, txid:48181197-d0f5-43e6-9b89-3471705fd879
2025-08-21 20:02:43,605 [Client-14] [INFO] [14] Round 11/100 for workflow travel_reservation, txid:cacfc128-ac0b-401b-ae81-bc43cadc800c
2025-08-21 20:02:43,609 [Client-5] [INFO] [5] Round 11/100 for workflow travel_reservation, txid:6c952beb-de45-4999-b983-1c4ffb8f4401
2025-08-21 20:02:43,956 [Client-6] [INFO] [6] Round 11/100 for workflow social_network, txid:6203ad3a-edfa-44ee-8c8e-66768d60abf5
2025-08-21 20:02:45,157 [Client-14] [INFO] [14] Round 11/100 for workflow social_network, txid:7f17dab7-6fef-43d2-9697-e0cfc2d0f931
2025-08-21 20:02:47,511 [Client-6] [INFO] [6] Round 21/100 for workflow banking_system, txid:6b9fc862-c650-4aaa-b92d-9963287bef37
2025-08-21 20:02:47,830 [Client-3] [INFO] [3] Round 21/100 for workflow banking_system, txid:35cd7c03-b96c-4d11-864f-798b02aeb5a9
2025-08-21 20:02:49,227 [Client-7] [INFO] [7] Round 21/100 for workflow banking_system, txid:df0363d6-212a-44dd-80b4-a8427bee0e78
2025-08-21 20:02:49,809 [Client-3] [INFO] [3] Round 11/100 for workflow social_network, txid:362ef972-c375-42c8-8973-af2fc739ece6
2025-08-21 20:02:52,420 [Client-12] [INFO] [12] Round 21/100 for workflow banking_system, txid:55a43eb5-41f0-429f-b13e-208293df900e
2025-08-21 20:02:53,174 [Client-2] [INFO] [2] Round 11/100 for workflow social_network, txid:e7bbdbad-f787-4724-9152-50a51866e271
2025-08-21 20:02:53,174 [Client-12] [INFO] [12] Round 11/100 for workflow travel_reservation, txid:d365e13a-caf7-403f-8913-b05600e77187
2025-08-21 20:02:53,222 [Client-0] [INFO] [0] Round 21/100 for workflow banking_system, txid:aa77dff0-834e-4c7e-9283-5c8d23227f5b
2025-08-21 20:02:54,028 [Client-2] [INFO] [2] Round 21/100 for workflow banking_system, txid:8efd54fa-7bf4-4ab7-ba44-9a5ecece573b
2025-08-21 20:02:54,031 [Client-14] [INFO] [14] Round 21/100 for workflow banking_system, txid:449b8ab3-c410-4169-b1e8-948a62932ae2
2025-08-21 20:02:54,664 [Client-1] [INFO] [1] Round 21/100 for workflow banking_system, txid:c86e8210-6bec-4e03-8005-91b1c1b4310b
2025-08-21 20:02:57,478 [Client-15] [INFO] [15] Round 11/100 for workflow social_network, txid:9a997ee5-bb24-4a88-a976-7f6414596d73
2025-08-21 20:02:59,426 [Client-13] [INFO] [13] Round 11/100 for workflow social_network, txid:469c02c7-0a2d-4903-ada0-17ca5da0bfcf
2025-08-21 20:02:59,598 [Client-12] [INFO] [12] Round 11/100 for workflow social_network, txid:3f387f07-cb68-4c23-bcd4-78c8e7ad5b88
2025-08-21 20:03:00,379 [Client-13] [INFO] [13] Round 21/100 for workflow banking_system, txid:98277ea1-d2bf-400c-b17c-87f88f4a1f46
2025-08-21 20:03:02,010 [Client-9] [INFO] [9] Round 21/100 for workflow banking_system, txid:f6831816-69af-4ff4-afd7-0aa94bb9b1da
2025-08-21 20:03:02,602 [Client-5] [INFO] [5] Round 21/100 for workflow banking_system, txid:732bdd40-15d2-44ef-9b2c-e4461a9f7542
2025-08-21 20:03:05,085 [Client-10] [INFO] [10] Round 21/100 for workflow banking_system, txid:ef82794a-6c76-4400-beb9-42464adfba2f
2025-08-21 20:03:05,315 [Client-6] [INFO] [6] Round 11/100 for workflow travel_reservation, txid:854b5404-2b89-458e-86dd-79d50cea9210
2025-08-21 20:03:08,348 [Client-4] [INFO] [4] Round 21/100 for workflow banking_system, txid:d4c5bfdd-0e97-4b0e-bc22-0f3e3c8cddb5
2025-08-21 20:03:16,864 [Client-15] [INFO] [15] Round 11/100 for workflow travel_reservation, txid:a97fc818-38f0-425c-ae21-7c95dd543531
2025-08-21 20:03:21,295 [Client-10] [INFO] [10] Round 11/100 for workflow travel_reservation, txid:646931a1-542c-4293-88b7-2f28259207e2
2025-08-21 20:03:30,724 [Client-8] [INFO] [8] Round 31/100 for workflow banking_system, txid:b7200bc6-7840-44d2-bfb0-94cf93b651d0
2025-08-21 20:03:34,162 [Client-3] [INFO] [3] Round 31/100 for workflow banking_system, txid:78af0166-ba96-48dd-ab81-33da6d472270
2025-08-21 20:03:34,399 [Client-6] [INFO] [6] Round 31/100 for workflow banking_system, txid:b9539dec-bf04-40c5-9b3a-5f174139ecba
2025-08-21 20:03:35,079 [Client-2] [INFO] [2] Round 31/100 for workflow banking_system, txid:02f93922-6c2b-4a13-adad-43d4d255a6e3
2025-08-21 20:03:36,449 [Client-12] [INFO] [12] Round 31/100 for workflow banking_system, txid:19fc44af-f877-4b5f-bf99-7b26abcfb169
2025-08-21 20:03:37,311 [Client-14] [INFO] [14] Round 31/100 for workflow banking_system, txid:88e2c32e-1b79-41a8-9444-08d502b599f3
2025-08-21 20:03:37,345 [Client-1] [INFO] [1] Round 31/100 for workflow banking_system, txid:adcc28bf-3d80-4c3f-98ae-79df467e0f54
2025-08-21 20:03:38,037 [Client-9] [INFO] [9] Round 21/100 for workflow travel_reservation, txid:e1f28e33-a243-4809-b144-2b56a0072eaf
2025-08-21 20:03:38,921 [Client-15] [INFO] [15] Round 31/100 for workflow banking_system, txid:8a8fd792-6655-4d57-bf15-4a4d2be6dec7
2025-08-21 20:03:41,572 [Client-0] [INFO] [0] Round 21/100 for workflow travel_reservation, txid:8e232ea3-3f8d-4957-84c8-5339a6b2ff77
2025-08-21 20:03:41,671 [Client-0] [INFO] [0] Round 31/100 for workflow banking_system, txid:42276432-9131-4621-827a-a6830482d2e7
2025-08-21 20:03:43,118 [Client-13] [INFO] [13] Round 31/100 for workflow banking_system, txid:8b5da935-a5cc-4d03-8c56-f237470c95dc
2025-08-21 20:03:44,867 [Client-2] [INFO] [2] Round 21/100 for workflow travel_reservation, txid:8ef07b1b-90a5-4fce-96e3-a0f90a75efe7
2025-08-21 20:03:46,045 [Client-11] [INFO] [11] Round 21/100 for workflow travel_reservation, txid:15058e86-c391-44d5-b62c-cfda29a061fc
2025-08-21 20:03:46,756 [Client-3] [INFO] [3] Round 21/100 for workflow travel_reservation, txid:03891722-9dd6-4873-a467-43f3e9ee64e6
2025-08-21 20:03:47,635 [Client-4] [INFO] [4] Round 21/100 for workflow travel_reservation, txid:337c63aa-28f6-4218-9162-8e2c154b4d2f
2025-08-21 20:03:49,230 [Client-5] [INFO] [5] Round 31/100 for workflow banking_system, txid:78f25566-ca57-4a0c-b99f-6d8190d1ee19
2025-08-21 20:03:49,253 [Client-7] [INFO] [7] Round 21/100 for workflow travel_reservation, txid:a6f6379d-8e1c-4a73-b97b-813609dbfb24
2025-08-21 20:03:50,115 [Client-13] [INFO] [13] Round 21/100 for workflow travel_reservation, txid:ef8af6e1-c839-4df6-b070-47ec7d386bb9
2025-08-21 20:03:52,280 [Client-7] [INFO] [7] Round 21/100 for workflow social_network, txid:deda8ff9-7f87-4783-9f49-9f003cc5a580
2025-08-21 20:03:52,603 [Client-5] [INFO] [5] Round 21/100 for workflow travel_reservation, txid:b5942bee-42f9-485c-82e0-e3c5d64f2150
2025-08-21 20:03:53,518 [Client-1] [INFO] [1] Round 21/100 for workflow travel_reservation, txid:b55be71d-f49f-4bb2-80e6-d4b056a6b22b
2025-08-21 20:03:53,519 [Client-4] [INFO] [4] Round 31/100 for workflow banking_system, txid:296f4280-750b-4fc9-8824-29f7877e1012
2025-08-21 20:03:53,519 [Client-5] [INFO] [5] Round 21/100 for workflow social_network, txid:aaa96cae-fa94-48a3-bbf0-0143b6a74729
2025-08-21 20:03:55,858 [Client-14] [INFO] [14] Round 21/100 for workflow travel_reservation, txid:1a1b3f00-ab54-4ee6-8939-539506993cfa
2025-08-21 20:03:58,297 [Client-0] [INFO] [0] Round 21/100 for workflow social_network, txid:2465b67f-64e7-4c96-83f1-3c9699f494a0
2025-08-21 20:03:58,787 [Client-4] [INFO] [4] Round 21/100 for workflow social_network, txid:386db266-1180-4d1a-aee0-a73e091c7591
2025-08-21 20:04:00,765 [Client-8] [INFO] [8] Round 21/100 for workflow travel_reservation, txid:dfc6c599-aed3-4ff0-af78-3df3e5415d8e
2025-08-21 20:04:00,767 [Client-6] [INFO] [6] Round 21/100 for workflow social_network, txid:ffdbdd83-1704-4acf-91d5-1e1d93ce7341
2025-08-21 20:04:00,785 [Client-14] [INFO] [14] Round 21/100 for workflow social_network, txid:a0ee7244-5676-414c-913e-4644c2d52029
2025-08-21 20:04:01,369 [Client-11] [INFO] [11] Round 21/100 for workflow social_network, txid:2724c493-db79-4300-8d38-0ccd6ba7a3c3
2025-08-21 20:04:02,391 [Client-10] [INFO] [10] Round 21/100 for workflow social_network, txid:b3dd72d3-9551-43d3-94d7-8f423da616fd
2025-08-21 20:04:03,171 [Client-8] [INFO] [8] Round 21/100 for workflow social_network, txid:d29e4954-3e02-4479-a1af-cbaf0c9bdf50
2025-08-21 20:04:03,178 [Client-12] [INFO] [12] Round 21/100 for workflow travel_reservation, txid:3ff3f157-8a0f-45e3-ac19-3c7684bb4c8a
2025-08-21 20:04:10,310 [Client-15] [INFO] [15] Round 21/100 for workflow social_network, txid:77b7c2a5-c32c-4afb-8579-84c76ab4f4e7
2025-08-21 20:04:10,310 [Client-12] [INFO] [12] Round 21/100 for workflow social_network, txid:b61f792a-f390-4514-875a-6ec94dd5e321
2025-08-21 20:04:11,183 [Client-2] [INFO] [2] Round 21/100 for workflow social_network, txid:ad8740f7-cb1e-4822-b96d-73cda941438f
2025-08-21 20:04:12,166 [Client-6] [INFO] [6] Round 21/100 for workflow travel_reservation, txid:6db1890d-deff-4e46-8e13-06abfaff2456
2025-08-21 20:04:13,989 [Client-1] [INFO] [1] Round 21/100 for workflow social_network, txid:a4fe0138-9655-4424-a568-8e2452927997
2025-08-21 20:04:15,188 [Client-9] [INFO] [9] Round 21/100 for workflow social_network, txid:fe208a8a-250c-4956-98a6-1a9e48214a2e
2025-08-21 20:04:15,973 [Client-8] [INFO] [8] Round 41/100 for workflow banking_system, txid:a8b93480-92a3-4288-b4e0-c1b167ddc8d0
2025-08-21 20:04:16,555 [Client-2] [INFO] [2] Round 41/100 for workflow banking_system, txid:551a2032-b394-4af0-80bb-9a0e38851361
2025-08-21 20:04:18,359 [Client-6] [INFO] [6] Round 41/100 for workflow banking_system, txid:ccebd4aa-7c95-464f-a00a-355ac77a4c78
2025-08-21 20:04:18,977 [Client-13] [INFO] [13] Round 21/100 for workflow social_network, txid:715bcea3-55a8-44a6-a103-7068e0462df1
2025-08-21 20:04:19,588 [Client-3] [INFO] [3] Round 41/100 for workflow banking_system, txid:422fd006-6e18-4e2a-b28e-b0886be29b27
2025-08-21 20:04:21,630 [Client-7] [INFO] [7] Round 41/100 for workflow banking_system, txid:1d5a01fb-22db-4155-8a0d-c49e0237e91b
2025-08-21 20:04:23,232 [Client-11] [INFO] [11] Round 41/100 for workflow banking_system, txid:896e44cb-922e-49f1-9681-ac77fb5ba52a
2025-08-21 20:04:23,248 [Client-3] [INFO] [3] Round 21/100 for workflow social_network, txid:0788bb16-b80b-4ac9-a92c-a0ab7d4ff869
2025-08-21 20:04:23,249 [Client-1] [INFO] [1] Round 41/100 for workflow banking_system, txid:a2ebc07f-e01f-4df6-b046-1e5bc38d78fc
2025-08-21 20:04:24,130 [Client-15] [INFO] [15] Round 41/100 for workflow banking_system, txid:b1f3b156-2240-420d-b09e-af1dfc455b8d
2025-08-21 20:04:24,904 [Client-0] [INFO] [0] Round 41/100 for workflow banking_system, txid:59526272-7006-4a84-a3de-68b8b78f061b
2025-08-21 20:04:25,383 [Client-13] [INFO] [13] Round 41/100 for workflow banking_system, txid:72ac0154-f6d6-4589-a845-601d283d372b
2025-08-21 20:04:28,761 [Client-12] [INFO] [12] Round 41/100 for workflow banking_system, txid:822205e2-d500-4124-9884-ba635d0cdd7e
2025-08-21 20:04:29,604 [Client-10] [INFO] [10] Round 21/100 for workflow travel_reservation, txid:d93b2e2b-f4c8-4996-a283-8af09761b619
2025-08-21 20:04:32,059 [Client-10] [INFO] [10] Round 41/100 for workflow banking_system, txid:35ba8f68-6d6c-40dd-9e81-dca40d1f9453
2025-08-21 20:04:34,530 [Client-5] [INFO] [5] Round 41/100 for workflow banking_system, txid:b941b910-f286-4029-9b1d-7ea8e19c0d8c
2025-08-21 20:04:38,865 [Client-4] [INFO] [4] Round 41/100 for workflow banking_system, txid:c9922c6a-2cbe-4600-8b97-89597a1037bd
2025-08-21 20:04:42,335 [Client-2] [INFO] [2] Round 31/100 for workflow travel_reservation, txid:66a2746d-4c53-4b2b-9e30-6150d79f00cd
2025-08-21 20:04:54,369 [Client-4] [INFO] [4] Round 31/100 for workflow travel_reservation, txid:8ce6b8b8-3605-4ee0-b504-739d9793c380
2025-08-21 20:04:54,853 [Client-3] [INFO] [3] Round 31/100 for workflow travel_reservation, txid:9d75faeb-2422-4437-89d6-9d90d4a7121d
2025-08-21 20:04:58,347 [Client-11] [INFO] [11] Round 31/100 for workflow travel_reservation, txid:8235299e-8961-448d-b368-feba789dd0fe
2025-08-21 20:04:58,643 [Client-9] [INFO] [9] Round 31/100 for workflow travel_reservation, txid:795aaf52-4c9f-4647-b898-bf3c82f3c270
2025-08-21 20:04:59,460 [Client-6] [INFO] [6] Round 51/100 for workflow banking_system, txid:c894175e-75a6-4c2f-91ce-f15a7d8e0a47
2025-08-21 20:05:01,147 [Client-1] [INFO] [1] Round 51/100 for workflow banking_system, txid:3908e02d-8f37-474f-a8ee-1176ba112346
2025-08-21 20:05:01,968 [Client-3] [INFO] [3] Round 51/100 for workflow banking_system, txid:210cf6c9-54eb-418c-b38d-b81d0b65cafc
2025-08-21 20:05:02,614 [Client-13] [INFO] [13] Round 31/100 for workflow travel_reservation, txid:1085e395-4f4d-4eb0-93a2-83c4be09123c
2025-08-21 20:05:02,635 [Client-14] [INFO] [14] Round 51/100 for workflow banking_system, txid:caa59120-1a3d-490e-b56c-879f37cdfadd
2025-08-21 20:05:02,877 [Client-7] [INFO] [7] Round 31/100 for workflow travel_reservation, txid:1dce8596-89a7-4ae1-8edf-8839da3c949b
2025-08-21 20:05:04,965 [Client-0] [INFO] [0] Round 51/100 for workflow banking_system, txid:eab9368f-32c5-4617-b164-54e5d0de7ad0
2025-08-21 20:05:06,729 [Client-15] [INFO] [15] Round 51/100 for workflow banking_system, txid:5cb86789-3021-4aa6-acc3-b5027421c373
2025-08-21 20:05:06,730 [Client-5] [INFO] [5] Round 31/100 for workflow travel_reservation, txid:4a1eaba6-5dd4-4af1-8e0d-8a2c7a243c40
2025-08-21 20:05:06,751 [Client-13] [INFO] [13] Round 51/100 for workflow banking_system, txid:68e259cd-d0ef-426a-b46e-0b413303c0f8
2025-08-21 20:05:07,474 [Client-6] [INFO] [6] Round 31/100 for workflow social_network, txid:4082922b-9303-4ba6-84c9-78d87f383f06
2025-08-21 20:05:08,140 [Client-11] [INFO] [11] Round 51/100 for workflow banking_system, txid:e49f403b-a503-40e6-a236-74d1bc0bd590
2025-08-21 20:05:08,183 [Client-1] [INFO] [1] Round 31/100 for workflow travel_reservation, txid:df7718d2-7664-4b6a-98e0-da0a19f2ddcd
2025-08-21 20:05:08,622 [Client-12] [INFO] [12] Round 51/100 for workflow banking_system, txid:a6dfe075-06e2-4fcc-a9b6-178c6c4208ea
2025-08-21 20:05:08,627 [Client-0] [INFO] [0] Round 31/100 for workflow travel_reservation, txid:68712001-2ae8-404e-a126-c2df1aba05e9
2025-08-21 20:05:10,448 [Client-4] [INFO] [4] Round 31/100 for workflow social_network, txid:135317d9-289a-462d-85ca-bd62959dd20a
2025-08-21 20:05:11,621 [Client-15] [INFO] [15] Round 21/100 for workflow travel_reservation, txid:3bdfaaa2-91bb-440a-b089-bee69a4f6cd8
2025-08-21 20:05:14,259 [Client-5] [INFO] [5] Round 51/100 for workflow banking_system, txid:1fc4a104-bbc1-434c-a315-af8691e35a23
2025-08-21 20:05:14,388 [Client-10] [INFO] [10] Round 51/100 for workflow banking_system, txid:1e6ee7e3-75e1-44be-91d4-e922202e0e7a
2025-08-21 20:05:15,149 [Client-14] [INFO] [14] Round 31/100 for workflow travel_reservation, txid:eb3def45-34d8-40f1-b300-b736e9f555b4
2025-08-21 20:05:16,069 [Client-7] [INFO] [7] Round 31/100 for workflow social_network, txid:f7d5522f-13b3-4417-b742-306007bd16af
2025-08-21 20:05:17,153 [Client-9] [INFO] [9] Round 51/100 for workflow banking_system, txid:014daaaf-5db8-4d06-8a3c-1a25a19644d8
2025-08-21 20:05:18,327 [Client-5] [INFO] [5] Round 31/100 for workflow social_network, txid:c482c499-c6b6-46bc-b2a7-7a73b2145e70
2025-08-21 20:05:22,173 [Client-10] [INFO] [10] Round 31/100 for workflow social_network, txid:ff722f88-6fea-464f-9aa4-a8495ccbffd4
2025-08-21 20:05:22,591 [Client-11] [INFO] [11] Round 31/100 for workflow social_network, txid:571c60a4-1e5f-480a-971e-967ae590e052
2025-08-21 20:05:25,731 [Client-4] [INFO] [4] Round 51/100 for workflow banking_system, txid:d91d1cda-4264-489b-9b77-4e1397f5eab6
2025-08-21 20:05:25,735 [Client-2] [INFO] [2] Round 31/100 for workflow social_network, txid:5711450d-3fe4-499f-9626-0dc998066dfc
2025-08-21 20:05:26,295 [Client-1] [INFO] [1] Round 31/100 for workflow social_network, txid:2a8bed46-a8db-4633-b2a7-3acb12e9ec8d
2025-08-21 20:05:27,635 [Client-12] [INFO] [12] Round 31/100 for workflow social_network, txid:830e67db-912d-4a24-ae58-dfdc3003d2fd
2025-08-21 20:05:28,649 [Client-8] [INFO] [8] Round 31/100 for workflow social_network, txid:6979c238-875d-453e-974f-aeb6e5fa4763
2025-08-21 20:05:29,421 [Client-14] [INFO] [14] Round 31/100 for workflow social_network, txid:3cf61baf-3cde-4162-96ba-49c7a1f036c6
2025-08-21 20:05:30,102 [Client-13] [INFO] [13] Round 31/100 for workflow social_network, txid:201b8a17-694f-4790-b9df-adaac46c5c0b
2025-08-21 20:05:31,947 [Client-0] [INFO] [0] Round 31/100 for workflow social_network, txid:6e68a7a1-bdc0-4459-aca0-83c7fbb1b6c6
2025-08-21 20:05:34,455 [Client-8] [INFO] [8] Round 31/100 for workflow travel_reservation, txid:e72fccd2-2a82-4180-a5ac-f52b87209798
2025-08-21 20:05:34,488 [Client-12] [INFO] [12] Round 31/100 for workflow travel_reservation, txid:967d102e-3404-4323-821f-3205045c0df4
2025-08-21 20:05:35,459 [Client-6] [INFO] [6] Round 31/100 for workflow travel_reservation, txid:2aba9901-55d4-49ba-8d37-609320eb9f06
2025-08-21 20:05:36,781 [Client-15] [INFO] [15] Round 31/100 for workflow social_network, txid:c9fd9535-13f5-409c-a464-ab301c6b3b67
2025-08-21 20:05:41,583 [Client-8] [INFO] [8] Round 61/100 for workflow banking_system, txid:0091c717-5d25-44b5-b96e-fdfa5b9869a8
2025-08-21 20:05:42,396 [Client-1] [INFO] [1] Round 61/100 for workflow banking_system, txid:9cfcbd76-4c83-46c8-beaa-5b1a07c8d2f2
2025-08-21 20:05:42,879 [Client-10] [INFO] [10] Round 31/100 for workflow travel_reservation, txid:6526846e-cd0d-4a72-a6a5-4a3345265ecb
2025-08-21 20:05:43,461 [Client-0] [INFO] [0] Round 61/100 for workflow banking_system, txid:63243672-d5e7-45e7-aa80-bbda0d8288a6
2025-08-21 20:05:46,032 [Client-2] [INFO] [2] Round 61/100 for workflow banking_system, txid:27a21328-91f6-4fc3-a291-03e3edf5ad82
2025-08-21 20:05:46,237 [Client-3] [INFO] [3] Round 61/100 for workflow banking_system, txid:d63fe932-552e-499f-aefa-befc251b7a99
2025-08-21 20:05:47,100 [Client-6] [INFO] [6] Round 61/100 for workflow banking_system, txid:be9b076b-a0f0-4eea-af5c-fda0317adc7b
2025-08-21 20:05:47,753 [Client-3] [INFO] [3] Round 31/100 for workflow social_network, txid:8f97d697-570b-4e34-80ea-55d78b4cf989
2025-08-21 20:05:48,400 [Client-14] [INFO] [14] Round 61/100 for workflow banking_system, txid:c2aa6162-a702-4f2e-84bf-f7451e702667
2025-08-21 20:05:49,191 [Client-7] [INFO] [7] Round 61/100 for workflow banking_system, txid:9731b4a2-d426-4d5e-b81e-268023907524
2025-08-21 20:05:50,941 [Client-9] [INFO] [9] Round 31/100 for workflow social_network, txid:b95ac9cf-1267-489f-bd64-c32a3363d737
2025-08-21 20:05:53,101 [Client-2] [INFO] [2] Round 41/100 for workflow travel_reservation, txid:7a237a39-177f-4141-a2f7-8a5f6e5fe78c
2025-08-21 20:05:54,605 [Client-15] [INFO] [15] Round 61/100 for workflow banking_system, txid:5b32a2bc-d2f2-41d7-aa46-d7edc1f11178
2025-08-21 20:06:00,211 [Client-9] [INFO] [9] Round 61/100 for workflow banking_system, txid:a0b28ce8-4dde-4303-8105-b9fb8b58e775
2025-08-21 20:06:00,950 [Client-10] [INFO] [10] Round 61/100 for workflow banking_system, txid:ba59cdb6-59b1-4237-9605-5fbfcd4b94a3
2025-08-21 20:06:08,725 [Client-4] [INFO] [4] Round 41/100 for workflow travel_reservation, txid:db4438cb-c3ff-4ce3-998d-309a3d7cbeca
2025-08-21 20:06:11,207 [Client-13] [INFO] [13] Round 41/100 for workflow travel_reservation, txid:b4b2eade-31ad-4ffa-b6fb-980dc8bd444f
2025-08-21 20:06:14,042 [Client-4] [INFO] [4] Round 61/100 for workflow banking_system, txid:38b23f4c-345e-4b4a-9962-5e4d4e0d4186
2025-08-21 20:06:18,667 [Client-5] [INFO] [5] Round 41/100 for workflow travel_reservation, txid:12cb77ee-3f7d-4be9-81a6-4b393d64704b
2025-08-21 20:06:19,204 [Client-7] [INFO] [7] Round 41/100 for workflow travel_reservation, txid:d129b7d2-0ab9-4165-b84a-92b16ccbefad
2025-08-21 20:06:22,442 [Client-14] [INFO] [14] Round 41/100 for workflow travel_reservation, txid:4d3c5b5e-ad8e-4408-837a-a7c4bd0a8438
2025-08-21 20:06:25,789 [Client-11] [INFO] [11] Round 41/100 for workflow travel_reservation, txid:52a5f3d9-4419-4f24-986e-7f8634a67b22
2025-08-21 20:06:27,149 [Client-1] [INFO] [1] Round 71/100 for workflow banking_system, txid:151fe630-6894-4e7e-8709-6252ed684386
2025-08-21 20:06:28,838 [Client-2] [INFO] [2] Round 71/100 for workflow banking_system, txid:42aafae6-d5ea-402d-a6b7-a76d19da2420
2025-08-21 20:06:29,366 [Client-3] [INFO] [3] Round 41/100 for workflow travel_reservation, txid:bf7697ee-81a9-43b1-aaca-9da7172d4ec9
2025-08-21 20:06:29,527 [Client-8] [INFO] [8] Round 71/100 for workflow banking_system, txid:fb64bcfb-9319-4cf0-b1ab-6e7ca1ffd353
2025-08-21 20:06:29,537 [Client-3] [INFO] [3] Round 71/100 for workflow banking_system, txid:9d396a81-158d-446e-9379-977c857d1f65
2025-08-21 20:06:29,639 [Client-7] [INFO] [7] Round 41/100 for workflow social_network, txid:39330349-b880-499c-b0c2-98afb92a6ebc
2025-08-21 20:06:29,665 [Client-9] [INFO] [9] Round 41/100 for workflow travel_reservation, txid:b3dea16c-50fd-4c25-847e-b724ba7dd9e9
2025-08-21 20:06:30,198 [Client-15] [INFO] [15] Round 31/100 for workflow travel_reservation, txid:2b051a2a-1681-422e-be1d-dfb1fc5b5e3c
2025-08-21 20:06:30,470 [Client-1] [INFO] [1] Round 41/100 for workflow travel_reservation, txid:023e3e1d-dd0f-4bb5-904e-88a71a8709e3
2025-08-21 20:06:31,024 [Client-6] [INFO] [6] Round 41/100 for workflow social_network, txid:7283450c-f08b-4355-b49a-03364ea02f94
2025-08-21 20:06:31,822 [Client-6] [INFO] [6] Round 71/100 for workflow banking_system, txid:6ce62e9b-95ff-4f8c-8f78-80b7f9703809
2025-08-21 20:06:32,436 [Client-0] [INFO] [0] Round 71/100 for workflow banking_system, txid:26b4efe2-b3f1-41ac-95b1-fe64873ba2d2
2025-08-21 20:06:33,031 [Client-0] [INFO] [0] Round 41/100 for workflow travel_reservation, txid:6e4b6542-02b1-4a2c-ad59-c6341e90d378
2025-08-21 20:06:33,032 [Client-7] [INFO] [7] Round 71/100 for workflow banking_system, txid:6c729e21-dc7a-4648-a98b-63acae6a5e64
2025-08-21 20:06:34,932 [Client-10] [INFO] [10] Round 41/100 for workflow social_network, txid:0ef1cdd3-a9d1-41db-9bd9-b3023da931fd
2025-08-21 20:06:35,376 [Client-11] [INFO] [11] Round 41/100 for workflow social_network, txid:100996b3-e6fb-47d0-b1c1-c09cd48669e3
2025-08-21 20:06:37,225 [Client-14] [INFO] [14] Round 71/100 for workflow banking_system, txid:bc18947a-3bb7-4c4e-a95a-c51902883da2
2025-08-21 20:06:38,636 [Client-13] [INFO] [13] Round 41/100 for workflow social_network, txid:01802270-dc70-4ae8-b184-4a98963c83a3
2025-08-21 20:06:40,184 [Client-11] [INFO] [11] Round 71/100 for workflow banking_system, txid:7eca73be-0dca-4d8e-87ab-ea143cbe96fd
2025-08-21 20:06:40,289 [Client-10] [INFO] [10] Round 71/100 for workflow banking_system, txid:cac642aa-2d62-4c93-97d7-a775a340594d
2025-08-21 20:06:40,722 [Client-5] [INFO] [5] Round 41/100 for workflow social_network, txid:643c0c28-c551-40db-9097-8d16dd5c39fe
2025-08-21 20:06:40,918 [Client-8] [INFO] [8] Round 41/100 for workflow social_network, txid:51eae522-7aaf-42c4-9169-22ce979d8d0e
2025-08-21 20:06:43,710 [Client-0] [INFO] [0] Round 41/100 for workflow social_network, txid:b8a3dd71-1efd-4256-9c7b-5a37f604497f
2025-08-21 20:06:44,662 [Client-1] [INFO] [1] Round 41/100 for workflow social_network, txid:1284facf-9bc5-4622-8f17-d02685b3392b
2025-08-21 20:06:45,104 [Client-5] [INFO] [5] Round 71/100 for workflow banking_system, txid:03bd1172-5d38-43b8-9dfc-4d100d808d06
2025-08-21 20:06:45,601 [Client-8] [INFO] [8] Round 41/100 for workflow travel_reservation, txid:eb2afe91-11d3-4c44-9396-976483e6bda2
2025-08-21 20:06:46,990 [Client-6] [INFO] [6] Round 41/100 for workflow travel_reservation, txid:0b938b5d-cd9c-4a61-ab88-6e0ce6224e1c
2025-08-21 20:06:47,630 [Client-14] [INFO] [14] Round 41/100 for workflow social_network, txid:675058a0-aa44-47d3-9303-4eeb4caf4588
2025-08-21 20:06:48,968 [Client-2] [INFO] [2] Round 41/100 for workflow social_network, txid:0242b4cc-797f-483f-aead-182babf0eba3
2025-08-21 20:06:50,945 [Client-12] [INFO] [12] Round 41/100 for workflow social_network, txid:fd2176c4-b101-4d07-aa87-20374a421fb9
2025-08-21 20:06:57,300 [Client-15] [INFO] [15] Round 41/100 for workflow social_network, txid:7dc1b164-9cfc-4312-a677-c9194b48ecb7
2025-08-21 20:06:58,874 [Client-12] [INFO] [12] Round 41/100 for workflow travel_reservation, txid:96bf6869-849b-4a4e-b565-231fbf8f29e7
2025-08-21 20:07:01,086 [Client-4] [INFO] [4] Round 71/100 for workflow banking_system, txid:a55658a2-390b-4778-b04b-c059dc893dbc
2025-08-21 20:07:05,372 [Client-10] [INFO] [10] Round 41/100 for workflow travel_reservation, txid:87b08a2b-c17e-41c2-a2c4-c0fdb2557f9f
2025-08-21 20:07:07,048 [Client-9] [INFO] [9] Round 41/100 for workflow social_network, txid:8e18593e-88e5-4816-ac58-1bc936ab51cd
2025-08-21 20:07:09,488 [Client-3] [INFO] [3] Round 41/100 for workflow social_network, txid:1a431a47-9088-42fd-a0ac-4b88f6bbd245
2025-08-21 20:07:12,339 [Client-2] [INFO] [2] Round 51/100 for workflow travel_reservation, txid:9f154b1a-1a49-464b-8945-ca2f9fafa696
2025-08-21 20:07:13,699 [Client-0] [INFO] [0] Round 81/100 for workflow banking_system, txid:f7ea83c4-d7dd-4348-9f0c-60f31535fff5
2025-08-21 20:07:15,533 [Client-6] [INFO] [6] Round 81/100 for workflow banking_system, txid:8d0bd784-3c77-40cb-b5de-e236ffbf020e
2025-08-21 20:07:15,534 [Client-3] [INFO] [3] Round 81/100 for workflow banking_system, txid:7e755675-22f5-44b7-a4b4-c42721695f86
2025-08-21 20:07:16,128 [Client-8] [INFO] [8] Round 81/100 for workflow banking_system, txid:452e409e-5319-471c-9aea-f47a6ab23c69
2025-08-21 20:07:16,828 [Client-1] [INFO] [1] Round 81/100 for workflow banking_system, txid:2696effa-b094-49ac-bab7-632c625b68be
2025-08-21 20:07:20,923 [Client-12] [INFO] [12] Round 81/100 for workflow banking_system, txid:0cbc89d8-e705-4e95-a7c6-d1f310197d0c
2025-08-21 20:07:20,923 [Client-7] [INFO] [7] Round 81/100 for workflow banking_system, txid:6a921a3c-77b7-45db-bca6-d6af066585c5
2025-08-21 20:07:24,007 [Client-15] [INFO] [15] Round 81/100 for workflow banking_system, txid:5031141b-b8c0-44ba-a4e5-ff93dc98fe55
2025-08-21 20:07:24,809 [Client-10] [INFO] [10] Round 81/100 for workflow banking_system, txid:380d5cdb-0e88-4d07-a972-611218ba49de
2025-08-21 20:07:28,825 [Client-14] [INFO] [14] Round 81/100 for workflow banking_system, txid:42a7c95d-09a1-4c61-ba4c-40225ab395fd
2025-08-21 20:07:31,069 [Client-4] [INFO] [4] Round 51/100 for workflow travel_reservation, txid:23ac45e8-8938-4a05-a74a-f2441a963467
2025-08-21 20:07:31,896 [Client-5] [INFO] [5] Round 81/100 for workflow banking_system, txid:2a6bf141-5ea6-4b44-8240-d234868fff91
2025-08-21 20:07:35,125 [Client-14] [INFO] [14] Round 51/100 for workflow travel_reservation, txid:58e8437e-c56e-4881-88e5-7e3d5f45ded1
2025-08-21 20:07:35,948 [Client-13] [INFO] [13] Round 51/100 for workflow travel_reservation, txid:61d26c12-5ec7-4bdc-8979-704237febbaa
2025-08-21 20:07:40,177 [Client-5] [INFO] [5] Round 51/100 for workflow travel_reservation, txid:75b97e46-4b2b-45c7-b1f3-780e364969d5
2025-08-21 20:07:40,179 [Client-9] [INFO] [9] Round 81/100 for workflow banking_system, txid:22c01336-570a-4063-9534-5961de36d92e
2025-08-21 20:07:42,491 [Client-1] [INFO] [1] Round 51/100 for workflow travel_reservation, txid:a834d3e8-8e8d-49e6-8a3b-15673d7810cc
2025-08-21 20:07:43,387 [Client-4] [INFO] [4] Round 81/100 for workflow banking_system, txid:044db631-4824-458b-aec0-1901c378b42e
2025-08-21 20:07:44,597 [Client-11] [INFO] [11] Round 51/100 for workflow travel_reservation, txid:1ce0fbe2-8ac0-4f09-bafc-4ca0ccb471ed
2025-08-21 20:07:46,133 [Client-0] [INFO] [0] Round 51/100 for workflow travel_reservation, txid:f97a8061-4265-46d2-9920-97c15a009a83
2025-08-21 20:07:50,851 [Client-6] [INFO] [6] Round 51/100 for workflow social_network, txid:6b0b0093-ec6d-4b5f-91b9-ffa4d782ba51
2025-08-21 20:07:51,878 [Client-10] [INFO] [10] Round 51/100 for workflow social_network, txid:42cf00e1-8bb6-4858-baf5-a297c1f34500
2025-08-21 20:07:53,211 [Client-7] [INFO] [7] Round 51/100 for workflow travel_reservation, txid:b23f9c6b-19ee-42e8-a482-7954d6bc59e2
2025-08-21 20:07:54,576 [Client-13] [INFO] [13] Round 51/100 for workflow social_network, txid:c897ec91-8a97-4d8d-bc3e-35e213b3183c
2025-08-21 20:07:54,754 [Client-7] [INFO] [7] Round 51/100 for workflow social_network, txid:5f7ef56f-9ffd-4070-8ea8-eb28b1a3a543
2025-08-21 20:07:57,143 [Client-8] [INFO] [8] Round 51/100 for workflow travel_reservation, txid:06bd1e64-8b06-4c67-8fed-5cf06e2bb5b2
2025-08-21 20:07:58,244 [Client-15] [INFO] [15] Round 41/100 for workflow travel_reservation, txid:2acaa5c3-bc4e-433e-8044-dfb392bb1043
2025-08-21 20:08:00,016 [Client-11] [INFO] [11] Round 51/100 for workflow social_network, txid:fb16c4cb-69e5-4410-9a0b-c9f0c48d3075
2025-08-21 20:08:00,035 [Client-0] [INFO] [0] Round 91/100 for workflow banking_system, txid:a911a3e4-b603-4dff-b025-3beb7b0148c6
2025-08-21 20:08:00,438 [Client-6] [INFO] [6] Round 51/100 for workflow travel_reservation, txid:c86b57cd-b375-4174-89dd-c00f9f85f37d
2025-08-21 20:08:01,167 [Client-3] [INFO] [3] Round 51/100 for workflow travel_reservation, txid:82e8c847-f869-4838-9337-5e9886cedc79
2025-08-21 20:08:01,311 [Client-8] [INFO] [8] Round 91/100 for workflow banking_system, txid:d88797cb-c9d8-4c22-bae3-64c710170a49
2025-08-21 20:08:01,325 [Client-8] [INFO] [8] Round 51/100 for workflow social_network, txid:2853f365-93b6-4256-b2f2-034007bf2302
2025-08-21 20:08:03,679 [Client-1] [INFO] [1] Round 91/100 for workflow banking_system, txid:fe252a3f-7851-4fb9-a103-332c27702f9b
2025-08-21 20:08:06,065 [Client-5] [INFO] [5] Round 51/100 for workflow social_network, txid:08df7d5c-ab10-4295-8f6c-f8f5efecf9ea
2025-08-21 20:08:06,920 [Client-12] [INFO] [12] Round 91/100 for workflow banking_system, txid:9674fdac-abd5-40f2-bb2d-d8b42c489e44
2025-08-21 20:08:07,197 [Client-12] [INFO] [12] Round 51/100 for workflow social_network, txid:5e436238-53e6-47c9-8722-99b9f0c8ddc1
2025-08-21 20:08:10,610 [Client-9] [INFO] [9] Round 51/100 for workflow travel_reservation, txid:1373e151-c805-4214-81bf-fe7b5d9d618e
2025-08-21 20:08:11,338 [Client-11] [INFO] [11] Round 91/100 for workflow banking_system, txid:249a1554-017b-4f37-87af-eea61fcefca9
2025-08-21 20:08:11,670 [Client-10] [INFO] [10] Round 91/100 for workflow banking_system, txid:1d7c14c9-3068-4bfe-a169-6dba24eafe58
2025-08-21 20:08:12,314 [Client-1] [INFO] [1] Round 51/100 for workflow social_network, txid:6614288d-05aa-49ad-b65a-88e808e0ed51
2025-08-21 20:08:12,315 [Client-15] [INFO] [15] Round 51/100 for workflow social_network, txid:bef56de7-c52d-4d4b-9458-5a6da8442e9f
2025-08-21 20:08:12,349 [Client-0] [INFO] [0] Round 51/100 for workflow social_network, txid:5f82461e-d1f9-4022-b423-92ec316f42c2
2025-08-21 20:08:14,798 [Client-14] [INFO] [14] Round 51/100 for workflow social_network, txid:68f4637f-a51d-4ad2-b735-54e0b64568f5
2025-08-21 20:08:15,185 [Client-2] [INFO] [2] Round 51/100 for workflow social_network, txid:4e68f84e-5657-4203-903d-3817ddfadf71
2025-08-21 20:08:17,155 [Client-10] [INFO] [10] Round 51/100 for workflow travel_reservation, txid:a6786478-9184-4969-9fec-eb5cc93c40d5
2025-08-21 20:08:17,984 [Client-3] [INFO] [3] Round 51/100 for workflow social_network, txid:9d63400f-f87e-4ae7-9cce-3905fec76dbb
2025-08-21 20:08:18,357 [Client-5] [INFO] [5] Round 91/100 for workflow banking_system, txid:e25939c8-d537-4d55-b6b9-ab561f3f6274
2025-08-21 20:08:18,721 [Client-12] [INFO] [12] Round 51/100 for workflow travel_reservation, txid:be553619-ebe9-490d-8201-957804a198a3
2025-08-21 20:08:21,078 [Client-9] [INFO] [9] Round 51/100 for workflow social_network, txid:a38e353b-9dd7-45e3-b26a-3ac4d5680a2d
2025-08-21 20:08:21,510 [Client-13] [INFO] [13] Round 91/100 for workflow banking_system, txid:d1f55b9b-12dc-43a9-b84f-46d26f010525
2025-08-21 20:08:28,537 [Client-4] [INFO] [4] Round 91/100 for workflow banking_system, txid:31ab6573-6217-4070-bae0-deeccd64186c
2025-08-21 20:08:30,309 [Client-2] [INFO] [2] Round 61/100 for workflow travel_reservation, txid:cfe1f533-d917-4f40-bb1c-569440008b9f
2025-08-21 20:08:42,103 [Client-4] [INFO] [4] Round 61/100 for workflow travel_reservation, txid:33159e3c-e612-4b9c-b6fd-040abc6f28d3
2025-08-21 20:08:50,875 [Client-1] [INFO] [1] Round 61/100 for workflow travel_reservation, txid:7cfd4040-3e2e-4354-8a05-0fe95b31a5d0
2025-08-21 20:08:53,784 [Client-13] [INFO] [13] Round 61/100 for workflow travel_reservation, txid:5f453b74-73c0-41dd-ae62-e350c437fc58
2025-08-21 20:08:54,407 [Client-11] [INFO] [11] Round 61/100 for workflow travel_reservation, txid:edc97305-d529-4d17-a4d7-f8115e652053
2025-08-21 20:08:56,051 [Client-0] [INFO] [0] Round 61/100 for workflow travel_reservation, txid:76f250ab-99b3-45d7-b323-a6fe4a72f6af
2025-08-21 20:08:57,919 [Client-10] [INFO] [10] Round 61/100 for workflow social_network, txid:d242677a-748e-4f16-85f2-e254236b77d6
2025-08-21 20:08:58,850 [Client-14] [INFO] [14] Round 61/100 for workflow travel_reservation, txid:414f4ea2-5dcf-4f88-aff9-2746e3d7aff3
2025-08-21 20:08:59,372 [Client-7] [INFO] [7] Round 61/100 for workflow travel_reservation, txid:35612e96-08be-4af6-b317-feec95fbd54d
2025-08-21 20:08:59,852 [Client-13] [INFO] [13] Round 61/100 for workflow social_network, txid:8ca9d721-8525-4507-8371-a5bd4c6eff8f
[MainProcess] 2025-08-21 20:09:00,594 - INFO - 工作流 banking_system 处理完成, 收集到 1183 条有效结果，耗时 465.31 秒。
2025-08-21 20:09:01,662 [Client-3] [INFO] [3] Round 61/100 for workflow travel_reservation, txid:801d58cb-3851-431e-9ba5-ca7f59927801
2025-08-21 20:09:03,275 [Client-5] [INFO] [5] Round 61/100 for workflow travel_reservation, txid:fdbf717f-a8d0-4ff1-b2b2-95b4dcd9114d
2025-08-21 20:09:05,772 [Client-11] [INFO] [11] Round 61/100 for workflow social_network, txid:817d656c-707c-4459-b584-7bacf4abbb12
2025-08-21 20:09:07,511 [Client-15] [INFO] [15] Round 51/100 for workflow travel_reservation, txid:cab422a4-7f0c-42f4-aa5c-cdfad07cfbb7
2025-08-21 20:09:08,806 [Client-6] [INFO] [6] Round 61/100 for workflow social_network, txid:8512be9b-5a66-4286-a081-8ca6d0807621
2025-08-21 20:09:09,390 [Client-7] [INFO] [7] Round 61/100 for workflow social_network, txid:e133b19e-40e7-405d-82ef-e1735998917a
2025-08-21 20:09:09,576 [Client-8] [INFO] [8] Round 61/100 for workflow social_network, txid:49668212-5600-4c4d-ad56-d4dfbc8b5d6f
2025-08-21 20:09:10,213 [Client-8] [INFO] [8] Round 61/100 for workflow travel_reservation, txid:d46d03ac-7dcf-4cf5-b4d7-5e11041e53ad
2025-08-21 20:09:13,996 [Client-0] [INFO] [0] Round 61/100 for workflow social_network, txid:77cf59e2-ef79-4e3a-834c-d27e03bb1cb9
2025-08-21 20:09:14,741 [Client-2] [INFO] [2] Round 61/100 for workflow social_network, txid:15092fdf-2497-42ce-a0cb-c429408daa29
2025-08-21 20:09:14,962 [Client-12] [INFO] [12] Round 61/100 for workflow social_network, txid:5fe38edb-533e-406a-acb1-ba9a1b82df48
2025-08-21 20:09:15,240 [Client-5] [INFO] [5] Round 61/100 for workflow social_network, txid:f57f1ef9-0098-4750-b8e0-addbb05e7b6a
2025-08-21 20:09:16,593 [Client-1] [INFO] [1] Round 61/100 for workflow social_network, txid:8a633511-ab3c-4343-a380-77820048c6f5
2025-08-21 20:09:16,696 [Client-12] [INFO] [12] Round 61/100 for workflow travel_reservation, txid:6546a142-9546-43cb-9286-c8208820a73b
2025-08-21 20:09:16,936 [Client-9] [INFO] [9] Round 61/100 for workflow travel_reservation, txid:6c35db73-4343-46d4-b618-06bd567bef35
2025-08-21 20:09:17,924 [Client-10] [INFO] [10] Round 61/100 for workflow travel_reservation, txid:c52fd392-12de-4d96-92e4-951ed75c937e
2025-08-21 20:09:18,924 [Client-3] [INFO] [3] Round 61/100 for workflow social_network, txid:4eb3fa31-f7aa-45ad-b561-59171cad849e
2025-08-21 20:09:19,413 [Client-6] [INFO] [6] Round 61/100 for workflow travel_reservation, txid:70c138d3-a5b6-4405-a432-3e337bfcec16
2025-08-21 20:09:24,086 [Client-15] [INFO] [15] Round 61/100 for workflow social_network, txid:d579d58d-9065-4a38-b768-37a1ae962d08
2025-08-21 20:09:33,289 [Client-9] [INFO] [9] Round 61/100 for workflow social_network, txid:782d3dfa-dd09-4bfb-b0d1-11b5588a1ffd
2025-08-21 20:09:34,105 [Client-14] [INFO] [14] Round 61/100 for workflow social_network, txid:e6398b73-681b-413f-ab29-29de79579595
2025-08-21 20:09:34,200 [Client-13] [INFO] [13] Round 71/100 for workflow travel_reservation, txid:d0f5159c-b4ea-4f0b-80e2-197311f28136
2025-08-21 20:09:35,567 [Client-11] [INFO] [11] Round 71/100 for workflow travel_reservation, txid:091b77b2-2fc5-4ea6-a6c7-51debbd7793b
2025-08-21 20:09:37,592 [Client-4] [INFO] [4] Round 71/100 for workflow travel_reservation, txid:d8457f2c-773f-4b57-8f42-90d5de8fdc78
2025-08-21 20:09:37,976 [Client-1] [INFO] [1] Round 71/100 for workflow travel_reservation, txid:13c828bb-9489-48f5-92a9-a0c9bca74089
2025-08-21 20:09:44,155 [Client-2] [INFO] [2] Round 71/100 for workflow travel_reservation, txid:7691079f-5c99-449f-8cf0-79a28611bcd1
2025-08-21 20:09:44,868 [Client-10] [INFO] [10] Round 71/100 for workflow social_network, txid:d16c4574-6d1e-4fdb-815a-e71427127541
2025-08-21 20:09:47,287 [Client-7] [INFO] [7] Round 71/100 for workflow travel_reservation, txid:e15a0a62-0b15-4db3-9e12-8a4af911867c
2025-08-21 20:09:49,400 [Client-11] [INFO] [11] Round 71/100 for workflow social_network, txid:4127b7dc-eeec-447f-a1e6-79d36dc246ff
2025-08-21 20:09:50,535 [Client-6] [INFO] [6] Round 71/100 for workflow social_network, txid:ffeb50a4-af0f-48fe-8a30-27faf186bfd4
2025-08-21 20:09:51,035 [Client-15] [INFO] [15] Round 61/100 for workflow travel_reservation, txid:05555796-ad23-41e3-9418-f1341d2dd154
2025-08-21 20:09:52,265 [Client-14] [INFO] [14] Round 71/100 for workflow travel_reservation, txid:67b2fab3-4320-42f0-a6ef-109fd392bcd5
2025-08-21 20:09:54,728 [Client-2] [INFO] [2] Round 71/100 for workflow social_network, txid:87f16d73-6733-4193-a0b8-2ddfca6fc878
2025-08-21 20:09:55,398 [Client-5] [INFO] [5] Round 71/100 for workflow travel_reservation, txid:e3605b59-776b-4f03-acc1-e729b80a1cff
2025-08-21 20:09:55,724 [Client-3] [INFO] [3] Round 71/100 for workflow travel_reservation, txid:ff9634a7-4e3c-40c7-acc0-c5e831084033
2025-08-21 20:09:58,883 [Client-0] [INFO] [0] Round 71/100 for workflow travel_reservation, txid:e4e23d7f-d271-4e3a-92b8-661db1acbbc4
2025-08-21 20:09:59,220 [Client-13] [INFO] [13] Round 71/100 for workflow social_network, txid:119425cf-edae-4d96-a896-222c17cc0fa6
2025-08-21 20:09:59,558 [Client-8] [INFO] [8] Round 71/100 for workflow travel_reservation, txid:77c9886c-d855-463f-a38f-18e08b3db101
2025-08-21 20:10:00,762 [Client-6] [INFO] [6] Round 71/100 for workflow travel_reservation, txid:bc16a270-71b1-4d27-8c33-0f6f4deed862
2025-08-21 20:10:00,763 [Client-7] [INFO] [7] Round 71/100 for workflow social_network, txid:9b110b4a-91e7-428c-8780-0365766a301d
2025-08-21 20:10:02,038 [Client-8] [INFO] [8] Round 71/100 for workflow social_network, txid:bc5a16cb-9a22-4804-bfbf-6d72dcd265a8
2025-08-21 20:10:02,292 [Client-5] [INFO] [5] Round 71/100 for workflow social_network, txid:70c5526c-800d-467d-a7c1-b07b87f68d80
2025-08-21 20:10:02,881 [Client-12] [INFO] [12] Round 71/100 for workflow social_network, txid:cb632c67-18b6-4e3e-83ac-a625cf2ff5eb
2025-08-21 20:10:03,134 [Client-9] [INFO] [9] Round 71/100 for workflow travel_reservation, txid:f49880de-d507-4dcd-9de0-fb46ff8ce369
2025-08-21 20:10:04,202 [Client-3] [INFO] [3] Round 71/100 for workflow social_network, txid:cf67c79e-d004-4e48-b3b4-7058ce27ceb2
2025-08-21 20:10:04,502 [Client-0] [INFO] [0] Round 71/100 for workflow social_network, txid:c1d3fe73-2835-4da5-8e9b-85533d979ecb
2025-08-21 20:10:06,235 [Client-1] [INFO] [1] Round 71/100 for workflow social_network, txid:e24cdc02-9684-45e3-be75-2c7ca116ae66
2025-08-21 20:10:07,902 [Client-12] [INFO] [12] Round 71/100 for workflow travel_reservation, txid:cfe50b93-dc71-4de4-8361-e501b1081805
2025-08-21 20:10:16,138 [Client-15] [INFO] [15] Round 71/100 for workflow social_network, txid:d74a12f0-ecc9-497b-9d05-ee9084061c87
2025-08-21 20:10:18,869 [Client-13] [INFO] [13] Round 81/100 for workflow travel_reservation, txid:b8733090-c54d-4f50-b4c3-84b8b0813bb5
2025-08-21 20:10:22,056 [Client-9] [INFO] [9] Round 71/100 for workflow social_network, txid:144b8098-151f-42be-ace0-9cb5d813a896
2025-08-21 20:10:22,769 [Client-14] [INFO] [14] Round 71/100 for workflow social_network, txid:1a535190-3313-465c-b064-67b018ead492
2025-08-21 20:10:23,108 [Client-1] [INFO] [1] Round 81/100 for workflow travel_reservation, txid:bbf38f54-72c6-48a9-90f6-a0f61e5aee48
2025-08-21 20:10:24,654 [Client-11] [INFO] [11] Round 81/100 for workflow travel_reservation, txid:bf14a156-59c6-401b-a493-bb84ba74bf52
2025-08-21 20:10:27,775 [Client-2] [INFO] [2] Round 81/100 for workflow travel_reservation, txid:64fe26f2-186a-4d84-ba62-308444290ffa
2025-08-21 20:10:31,003 [Client-10] [INFO] [10] Round 71/100 for workflow travel_reservation, txid:94dd9af0-7536-439e-9eba-65cb55a8e333
2025-08-21 20:10:34,788 [Client-8] [INFO] [8] Round 81/100 for workflow travel_reservation, txid:de58618d-d534-41a3-966c-5f646b639165
2025-08-21 20:10:35,593 [Client-15] [INFO] [15] Round 71/100 for workflow travel_reservation, txid:5a24f966-c4ef-4c45-9569-a45bcbd57287
2025-08-21 20:10:35,802 [Client-14] [INFO] [14] Round 81/100 for workflow travel_reservation, txid:e1629806-c385-4496-883b-811670953407
2025-08-21 20:10:36,818 [Client-11] [INFO] [11] Round 81/100 for workflow social_network, txid:654b640e-bd30-48e8-980c-96dd80354250
2025-08-21 20:10:41,962 [Client-2] [INFO] [2] Round 81/100 for workflow social_network, txid:6320d021-73c8-46e2-8170-ee833b59384c
2025-08-21 20:10:42,119 [Client-5] [INFO] [5] Round 81/100 for workflow travel_reservation, txid:3a92834c-1b56-4a2a-b945-a8c116b2646c
2025-08-21 20:10:42,301 [Client-10] [INFO] [10] Round 81/100 for workflow social_network, txid:a480f621-bf8f-46f6-958b-464a64772376
2025-08-21 20:10:44,566 [Client-0] [INFO] [0] Round 81/100 for workflow travel_reservation, txid:feac9855-c5a9-495c-b137-308b13f8f016
2025-08-21 20:10:45,108 [Client-5] [INFO] [5] Round 81/100 for workflow social_network, txid:403bd078-fccf-466c-a2d6-8f7e3d2009a9
2025-08-21 20:10:45,638 [Client-7] [INFO] [7] Round 81/100 for workflow travel_reservation, txid:c833c509-a73b-4286-9eba-9c40260d9c5b
2025-08-21 20:10:49,486 [Client-13] [INFO] [13] Round 81/100 for workflow social_network, txid:14741e0e-3b57-4bf5-b769-1a253c3e47e3
2025-08-21 20:10:49,680 [Client-3] [INFO] [3] Round 81/100 for workflow travel_reservation, txid:e6260a44-dd15-4a4c-854f-5a1fa63f85e4
2025-08-21 20:10:52,689 [Client-12] [INFO] [12] Round 81/100 for workflow social_network, txid:7df25f30-ec8c-4d1b-8e89-9727bc0e2d59
2025-08-21 20:10:54,573 [Client-6] [INFO] [6] Round 81/100 for workflow social_network, txid:4c289862-7477-4997-9824-6009d9c61c18
2025-08-21 20:10:55,181 [Client-12] [INFO] [12] Round 81/100 for workflow travel_reservation, txid:702db182-88ba-4360-af82-4a70abe59331
2025-08-21 20:10:58,619 [Client-7] [INFO] [7] Round 81/100 for workflow social_network, txid:a78b91f0-c8ed-4611-a3e4-e5c17efecfd8
2025-08-21 20:11:00,236 [Client-3] [INFO] [3] Round 81/100 for workflow social_network, txid:9abb86ac-db91-482e-8757-b22a35bf6e60
2025-08-21 20:11:01,700 [Client-13] [INFO] [13] Round 91/100 for workflow travel_reservation, txid:7afb2caf-6f2b-409e-a045-81d9ba8f445d
2025-08-21 20:11:02,953 [Client-1] [INFO] [1] Round 81/100 for workflow social_network, txid:8abcf4a8-69f4-426d-abbf-13aa66958045
2025-08-21 20:11:04,220 [Client-8] [INFO] [8] Round 81/100 for workflow social_network, txid:fc3a5d3d-b966-4b83-9cfc-7bb6b8215236
2025-08-21 20:11:07,126 [Client-15] [INFO] [15] Round 81/100 for workflow social_network, txid:a00fe7d1-84d3-4629-bee2-fe9a9863c701
2025-08-21 20:11:07,792 [Client-14] [INFO] [14] Round 81/100 for workflow social_network, txid:1c861f56-4b5f-4b34-8da7-3e7b45a59f38
2025-08-21 20:11:08,884 [Client-9] [INFO] [9] Round 81/100 for workflow social_network, txid:28262028-44c9-47f4-8fab-910e5637a0b2
2025-08-21 20:11:09,421 [Client-2] [INFO] [2] Round 91/100 for workflow travel_reservation, txid:3a47af87-ae98-4007-ba75-79fa691515ab
2025-08-21 20:11:16,627 [Client-0] [INFO] [0] Round 81/100 for workflow social_network, txid:e7ae65b0-0596-438e-ac0b-9771af6d8ee6
2025-08-21 20:11:21,304 [Client-8] [INFO] [8] Round 91/100 for workflow travel_reservation, txid:8f0abe67-5982-4a63-9108-c53075d67265
2025-08-21 20:11:25,316 [Client-1] [INFO] [1] Round 91/100 for workflow travel_reservation, txid:de2bf09b-eb75-4b6a-86a9-79c87b770f02
2025-08-21 20:11:26,126 [Client-7] [INFO] [7] Round 91/100 for workflow travel_reservation, txid:4df76e54-ce90-49f0-ae90-15c5726db281
2025-08-21 20:11:27,982 [Client-10] [INFO] [10] Round 81/100 for workflow travel_reservation, txid:4f7844f3-ab66-4a5f-9465-139ee8da31ef
2025-08-21 20:11:27,993 [Client-5] [INFO] [5] Round 91/100 for workflow travel_reservation, txid:bb05664f-e9cf-495c-897e-eeeb7c9f11f7
2025-08-21 20:11:30,262 [Client-11] [INFO] [11] Round 91/100 for workflow social_network, txid:a51ec42b-471d-48e9-942e-5a7a303fd8b8
2025-08-21 20:11:32,147 [Client-2] [INFO] [2] Round 91/100 for workflow social_network, txid:f92b93fd-750a-41d8-9bdc-70c4e8f829e5
2025-08-21 20:11:36,961 [Client-5] [INFO] [5] Round 91/100 for workflow social_network, txid:03c0f51c-ef45-4bac-963f-8995cae0b794
2025-08-21 20:11:43,874 [Client-10] [INFO] [10] Round 91/100 for workflow social_network, txid:12af8fb6-711d-4a10-9647-02b797268233
2025-08-21 20:11:45,187 [Client-7] [INFO] [7] Round 91/100 for workflow social_network, txid:01e9c02b-9ea7-41d1-8463-bab69bd5337b
2025-08-21 20:11:47,156 [Client-13] [INFO] [13] Round 91/100 for workflow social_network, txid:a7b7db28-1d89-4118-bcae-74b9a7a202ed
2025-08-21 20:11:48,140 [Client-15] [INFO] [15] Round 91/100 for workflow travel_reservation, txid:9f8d6d49-c1cf-41d1-b910-3a55bfd5e5b8
2025-08-21 20:11:49,061 [Client-12] [INFO] [12] Round 91/100 for workflow social_network, txid:d86ae49b-c055-4860-b152-aac08497554f
2025-08-21 20:11:51,589 [Client-6] [INFO] [6] Round 91/100 for workflow social_network, txid:19776927-9487-49e4-bccf-e9ee2732dc31
2025-08-21 20:11:53,235 [Client-1] [INFO] [1] Round 91/100 for workflow social_network, txid:89c63587-f288-4174-af47-74d6f6350df5
2025-08-21 20:11:56,764 [Client-3] [INFO] [3] Round 91/100 for workflow social_network, txid:61f1569f-1b7a-42a4-b210-e8204e92827a
2025-08-21 20:11:58,428 [Client-8] [INFO] [8] Round 91/100 for workflow social_network, txid:06cb2b59-1355-48a9-8c3a-a3eda3998449
2025-08-21 20:12:00,283 [Client-14] [INFO] [14] Round 91/100 for workflow social_network, txid:e536e0d7-e19d-447d-8ed2-3f1123d206dd
2025-08-21 20:12:02,487 [Client-15] [INFO] [15] Round 91/100 for workflow social_network, txid:4a586cee-1d48-44d6-8486-6286ad44833d
2025-08-21 20:12:04,024 [Client-9] [INFO] [9] Round 91/100 for workflow social_network, txid:96d5a3dd-6a9b-4d7c-a016-b0deb8f1b8ce
2025-08-21 20:12:07,543 [Client-0] [INFO] [0] Round 91/100 for workflow social_network, txid:aef7b5fa-d97f-477f-9565-0422eaae0262