[2025-08-10 08:17:06.053] trigger local function: deposit of: 38cad847-9da2-463e-b2b0-953ef18ba54f, repair:False, repair_mode:, repair_mode_changed:False
[2025-08-10 08:17:06.054] check runnable for function: deposit, up_cnt: 0, parent_executed: 1, parent_cnt: 1
[2025-08-10 08:17:06.054] Running function deposit for transaction 38cad847-9da2-463e-b2b0-953ef18ba54f, repair: False, repair_mode: , REPAIR_STATES: {}
[2025-08-10 08:17:06.075] trigger local function: deposit of: 2c95eed9-c848-480b-9b91-6902232fe7d3, repair:False, repair_mode:, repair_mode_changed:False
[2025-08-10 08:17:06.075] check runnable for function: deposit, up_cnt: 0, parent_executed: 1, parent_cnt: 1
[2025-08-10 08:17:06.075] Running function deposit for transaction 2c95eed9-c848-480b-9b91-6902232fe7d3, repair: False, repair_mode: , REPAIR_STATES: {}
[2025-08-10 08:17:06.142] trigger local function: comment_user of: e17da1b0-88e2-4cc0-ba2b-17724c06bcdc, repair:False, repair_mode:, repair_mode_changed:False
[2025-08-10 08:17:06.142] check runnable for function: comment_user, up_cnt: 0, parent_executed: 1, parent_cnt: 3
[2025-08-10 08:17:06.142] trigger local function: comment_user of: e17da1b0-88e2-4cc0-ba2b-17724c06bcdc, repair:False, repair_mode:, repair_mode_changed:False
[2025-08-10 08:17:06.142] check runnable for function: comment_user, up_cnt: 0, parent_executed: 2, parent_cnt: 3
[2025-08-10 08:17:06.148] trigger local function: comment_user of: e17da1b0-88e2-4cc0-ba2b-17724c06bcdc, repair:False, repair_mode:, repair_mode_changed:False
[2025-08-10 08:17:06.148] check runnable for function: comment_user, up_cnt: 0, parent_executed: 3, parent_cnt: 3
[2025-08-10 08:17:06.148] Running function comment_user for transaction e17da1b0-88e2-4cc0-ba2b-17724c06bcdc, repair: False, repair_mode: , REPAIR_STATES: {}
[2025-08-10 08:17:06.148] trigger local function: deposit of: 5be0a2c2-f399-44af-aee2-388d7d1d7a51, repair:False, repair_mode:, repair_mode_changed:False
[2025-08-10 08:17:06.148] check runnable for function: deposit, up_cnt: 0, parent_executed: 1, parent_cnt: 1
[2025-08-10 08:17:06.148] Running function deposit for transaction 5be0a2c2-f399-44af-aee2-388d7d1d7a51, repair: False, repair_mode: , REPAIR_STATES: {}
[2025-08-10 08:17:06.164] trigger local function: deposit of: 798b09d9-712c-4255-9472-7149b102b08e, repair:False, repair_mode:, repair_mode_changed:False
[2025-08-10 08:17:06.164] check runnable for function: deposit, up_cnt: 0, parent_executed: 1, parent_cnt: 1
[2025-08-10 08:17:06.164] Running function deposit for transaction 798b09d9-712c-4255-9472-7149b102b08e, repair: False, repair_mode: , REPAIR_STATES: {}
[2025-08-10 08:17:06.170] trigger local function: publish of: e17da1b0-88e2-4cc0-ba2b-17724c06bcdc, repair:False, repair_mode:, repair_mode_changed:False
[2025-08-10 08:17:06.171] check runnable for function: publish, up_cnt: 0, parent_executed: 1, parent_cnt: 1
[2025-08-10 08:17:06.171] Running function publish for transaction e17da1b0-88e2-4cc0-ba2b-17724c06bcdc, repair: False, repair_mode: , REPAIR_STATES: {}
[2025-08-10 08:17:06.179] trigger local function: payment of: ab7ac298-a671-468f-9ce3-d1b6a4a97818, repair:False, repair_mode:, repair_mode_changed:False
[2025-08-10 08:17:06.180] check runnable for function: payment, up_cnt: 0, parent_executed: 1, parent_cnt: 1
[2025-08-10 08:17:06.180] Running function payment for transaction ab7ac298-a671-468f-9ce3-d1b6a4a97818, repair: False, repair_mode: , REPAIR_STATES: {}
[2025-08-10 08:17:06.187] trigger local function: modify_timeline of: e17da1b0-88e2-4cc0-ba2b-17724c06bcdc, repair:False, repair_mode:, repair_mode_changed:False
[2025-08-10 08:17:06.187] check runnable for function: modify_timeline, up_cnt: 0, parent_executed: 1, parent_cnt: 1
[2025-08-10 08:17:06.187] Running function modify_timeline for transaction e17da1b0-88e2-4cc0-ba2b-17724c06bcdc, repair: False, repair_mode: , REPAIR_STATES: {}
[2025-08-10 08:17:06.188] trigger local function: deposit of: 673cb967-6128-45cd-a380-ffd9e8a1c4c7, repair:False, repair_mode:, repair_mode_changed:False
[2025-08-10 08:17:06.188] check runnable for function: deposit, up_cnt: 0, parent_executed: 1, parent_cnt: 1
[2025-08-10 08:17:06.188] Running function deposit for transaction 673cb967-6128-45cd-a380-ffd9e8a1c4c7, repair: False, repair_mode: , REPAIR_STATES: {}
[2025-08-10 08:17:06.197] trigger local function: payment of: d67949a9-ba05-49c2-9353-7fb8e66d7b73, repair:False, repair_mode:, repair_mode_changed:False
[2025-08-10 08:17:06.197] check runnable for function: payment, up_cnt: 0, parent_executed: 1, parent_cnt: 1
[2025-08-10 08:17:06.197] Running function payment for transaction d67949a9-ba05-49c2-9353-7fb8e66d7b73, repair: False, repair_mode: , REPAIR_STATES: {}
[2025-08-10 08:17:06.198] trigger local function: payment of: 69067003-00a7-4202-8128-1690d7d60be8, repair:False, repair_mode:, repair_mode_changed:False
[2025-08-10 08:17:06.198] check runnable for function: payment, up_cnt: 0, parent_executed: 1, parent_cnt: 1
[2025-08-10 08:17:06.198] Running function payment for transaction 69067003-00a7-4202-8128-1690d7d60be8, repair: False, repair_mode: , REPAIR_STATES: {}
[2025-08-10 08:17:06.198] trigger local function: payment of: 773ae004-8624-463f-be96-99292a05f4a1, repair:False, repair_mode:, repair_mode_changed:False
[2025-08-10 08:17:06.198] check runnable for function: payment, up_cnt: 0, parent_executed: 1, parent_cnt: 1
[2025-08-10 08:17:06.198] Running function payment for transaction 773ae004-8624-463f-be96-99292a05f4a1, repair: False, repair_mode: , REPAIR_STATES: {}
[2025-08-10 08:17:06.199] trigger local function: confirm_reservation of: ab7ac298-a671-468f-9ce3-d1b6a4a97818, repair:False, repair_mode:, repair_mode_changed:False
[2025-08-10 08:17:06.199] check runnable for function: confirm_reservation, up_cnt: 0, parent_executed: 1, parent_cnt: 1
[2025-08-10 08:17:06.199] Running function confirm_reservation for transaction ab7ac298-a671-468f-9ce3-d1b6a4a97818, repair: False, repair_mode: , REPAIR_STATES: {}
[2025-08-10 08:17:06.212] trigger local function: deposit of: b88f78b1-327e-480e-83d5-f255b6cd46aa, repair:False, repair_mode:, repair_mode_changed:False
[2025-08-10 08:17:06.212] check runnable for function: deposit, up_cnt: 0, parent_executed: 1, parent_cnt: 1
[2025-08-10 08:17:06.212] Running function deposit for transaction b88f78b1-327e-480e-83d5-f255b6cd46aa, repair: False, repair_mode: , REPAIR_STATES: {}
[2025-08-10 08:17:06.217] trigger local function: confirm_reservation of: d67949a9-ba05-49c2-9353-7fb8e66d7b73, repair:False, repair_mode:, repair_mode_changed:False
[2025-08-10 08:17:06.217] check runnable for function: confirm_reservation, up_cnt: 0, parent_executed: 1, parent_cnt: 1
[2025-08-10 08:17:06.217] Running function confirm_reservation for transaction d67949a9-ba05-49c2-9353-7fb8e66d7b73, repair: False, repair_mode: , REPAIR_STATES: {}
[2025-08-10 08:17:06.222] trigger local function: deposit of: 0784cfb6-be7f-403b-94fe-aeb975f96957, repair:False, repair_mode:, repair_mode_changed:False
[2025-08-10 08:17:06.222] check runnable for function: deposit, up_cnt: 0, parent_executed: 1, parent_cnt: 1
[2025-08-10 08:17:06.222] Running function deposit for transaction 0784cfb6-be7f-403b-94fe-aeb975f96957, repair: False, repair_mode: , REPAIR_STATES: {}
[2025-08-10 08:17:06.222] trigger local function: payment of: 52e2c689-affe-4961-93de-5e475edd76f0, repair:False, repair_mode:, repair_mode_changed:False
[2025-08-10 08:17:06.222] check runnable for function: payment, up_cnt: 0, parent_executed: 1, parent_cnt: 1
[2025-08-10 08:17:06.223] Running function payment for transaction 52e2c689-affe-4961-93de-5e475edd76f0, repair: False, repair_mode: , REPAIR_STATES: {}
[2025-08-10 08:17:06.226] trigger local function: confirm_reservation of: 69067003-00a7-4202-8128-1690d7d60be8, repair:False, repair_mode:, repair_mode_changed:False
[2025-08-10 08:17:06.226] check runnable for function: confirm_reservation, up_cnt: 0, parent_executed: 1, parent_cnt: 1
[2025-08-10 08:17:06.226] Running function confirm_reservation for transaction 69067003-00a7-4202-8128-1690d7d60be8, repair: False, repair_mode: , REPAIR_STATES: {}
[2025-08-10 08:17:06.227] trigger local function: confirm_reservation of: 773ae004-8624-463f-be96-99292a05f4a1, repair:False, repair_mode:, repair_mode_changed:False
[2025-08-10 08:17:06.227] check runnable for function: confirm_reservation, up_cnt: 0, parent_executed: 1, parent_cnt: 1
[2025-08-10 08:17:06.227] Running function confirm_reservation for transaction 773ae004-8624-463f-be96-99292a05f4a1, repair: False, repair_mode: , REPAIR_STATES: {}
[2025-08-10 08:17:06.231] delete state of: 2c95eed9-c848-480b-9b91-6902232fe7d3
[2025-08-10 08:17:06.232] trigger local function: deposit of: d13b1666-0d5d-40cc-be6d-51e323e0ac2e, repair:False, repair_mode:, repair_mode_changed:False
[2025-08-10 08:17:06.232] check runnable for function: deposit, up_cnt: 0, parent_executed: 1, parent_cnt: 1
[2025-08-10 08:17:06.232] Running function deposit for transaction d13b1666-0d5d-40cc-be6d-51e323e0ac2e, repair: False, repair_mode: , REPAIR_STATES: {}
[2025-08-10 08:17:06.232] trigger local function: payment of: a6973513-0879-473a-a859-4e5ba0ce6a67, repair:False, repair_mode:, repair_mode_changed:False
[2025-08-10 08:17:06.232] check runnable for function: payment, up_cnt: 0, parent_executed: 1, parent_cnt: 1
[2025-08-10 08:17:06.232] Running function payment for transaction a6973513-0879-473a-a859-4e5ba0ce6a67, repair: False, repair_mode: , REPAIR_STATES: {}
[2025-08-10 08:17:06.233] delete state of: 38cad847-9da2-463e-b2b0-953ef18ba54f
[2025-08-10 08:17:06.251] trigger local function: confirm_reservation of: 52e2c689-affe-4961-93de-5e475edd76f0, repair:False, repair_mode:, repair_mode_changed:False
[2025-08-10 08:17:06.251] check runnable for function: confirm_reservation, up_cnt: 0, parent_executed: 1, parent_cnt: 1
[2025-08-10 08:17:06.251] Running function confirm_reservation for transaction 52e2c689-affe-4961-93de-5e475edd76f0, repair: False, repair_mode: , REPAIR_STATES: {}
[2025-08-10 08:17:06.252] trigger local function: payment of: 37d24e13-f435-480e-b41b-5b1f4c19f5ef, repair:False, repair_mode:, repair_mode_changed:False
[2025-08-10 08:17:06.252] check runnable for function: payment, up_cnt: 0, parent_executed: 1, parent_cnt: 1
[2025-08-10 08:17:06.252] Running function payment for transaction 37d24e13-f435-480e-b41b-5b1f4c19f5ef, repair: False, repair_mode: , REPAIR_STATES: {}
[2025-08-10 08:17:06.260] trigger local function: confirm_reservation of: a6973513-0879-473a-a859-4e5ba0ce6a67, repair:False, repair_mode:, repair_mode_changed:False
[2025-08-10 08:17:06.260] check runnable for function: confirm_reservation, up_cnt: 0, parent_executed: 1, parent_cnt: 1
[2025-08-10 08:17:06.260] Running function confirm_reservation for transaction a6973513-0879-473a-a859-4e5ba0ce6a67, repair: False, repair_mode: , REPAIR_STATES: {}
[2025-08-10 08:17:06.260] trigger local function: comment_user of: d0065d4e-e429-4306-b634-9a83a77e2984, repair:False, repair_mode:, repair_mode_changed:False
[2025-08-10 08:17:06.260] check runnable for function: comment_user, up_cnt: 0, parent_executed: 1, parent_cnt: 3
[2025-08-10 08:17:06.260] trigger local function: comment_user of: d0065d4e-e429-4306-b634-9a83a77e2984, repair:False, repair_mode:, repair_mode_changed:False
[2025-08-10 08:17:06.260] check runnable for function: comment_user, up_cnt: 0, parent_executed: 2, parent_cnt: 3
[2025-08-10 08:17:06.261] trigger local function: payment of: 9e2ef9a4-63a5-4368-996b-f8513ebe096d, repair:False, repair_mode:, repair_mode_changed:False
[2025-08-10 08:17:06.261] check runnable for function: payment, up_cnt: 0, parent_executed: 1, parent_cnt: 1
[2025-08-10 08:17:06.261] Running function payment for transaction 9e2ef9a4-63a5-4368-996b-f8513ebe096d, repair: False, repair_mode: , REPAIR_STATES: {}
[2025-08-10 08:17:06.261] trigger local function: deposit of: 11538cb5-ca88-4ab9-afa7-f3886aad9db1, repair:False, repair_mode:, repair_mode_changed:False
[2025-08-10 08:17:06.261] check runnable for function: deposit, up_cnt: 0, parent_executed: 1, parent_cnt: 1
[2025-08-10 08:17:06.261] Running function deposit for transaction 11538cb5-ca88-4ab9-afa7-f3886aad9db1, repair: False, repair_mode: , REPAIR_STATES: {}
[2025-08-10 08:17:06.269] trigger local function: comment_user of: d0065d4e-e429-4306-b634-9a83a77e2984, repair:False, repair_mode:, repair_mode_changed:False
[2025-08-10 08:17:06.269] check runnable for function: comment_user, up_cnt: 0, parent_executed: 3, parent_cnt: 3
[2025-08-10 08:17:06.269] Running function comment_user for transaction d0065d4e-e429-4306-b634-9a83a77e2984, repair: False, repair_mode: , REPAIR_STATES: {}
[2025-08-10 08:17:06.269] trigger local function: comment_user of: 58559917-5379-4181-a8a9-8baf57998c9f, repair:False, repair_mode:, repair_mode_changed:False
[2025-08-10 08:17:06.269] check runnable for function: comment_user, up_cnt: 0, parent_executed: 1, parent_cnt: 3
[2025-08-10 08:17:06.270] trigger local function: comment_user of: 58559917-5379-4181-a8a9-8baf57998c9f, repair:False, repair_mode:, repair_mode_changed:False
[2025-08-10 08:17:06.270] check runnable for function: comment_user, up_cnt: 0, parent_executed: 2, parent_cnt: 3
[2025-08-10 08:17:06.272] trigger local function: confirm_reservation of: 37d24e13-f435-480e-b41b-5b1f4c19f5ef, repair:False, repair_mode:, repair_mode_changed:False
[2025-08-10 08:17:06.272] check runnable for function: confirm_reservation, up_cnt: 0, parent_executed: 1, parent_cnt: 1
[2025-08-10 08:17:06.272] Running function confirm_reservation for transaction 37d24e13-f435-480e-b41b-5b1f4c19f5ef, repair: False, repair_mode: , REPAIR_STATES: {}
[2025-08-10 08:17:06.276] trigger local function: payment of: af6efdd0-9506-4b50-8079-64654d6e7088, repair:False, repair_mode:, repair_mode_changed:False
[2025-08-10 08:17:06.276] check runnable for function: payment, up_cnt: 0, parent_executed: 1, parent_cnt: 1
[2025-08-10 08:17:06.276] Running function payment for transaction af6efdd0-9506-4b50-8079-64654d6e7088, repair: False, repair_mode: , REPAIR_STATES: {}
[2025-08-10 08:17:06.277] trigger local function: comment_user of: 58559917-5379-4181-a8a9-8baf57998c9f, repair:False, repair_mode:, repair_mode_changed:False
[2025-08-10 08:17:06.277] check runnable for function: comment_user, up_cnt: 0, parent_executed: 3, parent_cnt: 3
[2025-08-10 08:17:06.277] Running function comment_user for transaction 58559917-5379-4181-a8a9-8baf57998c9f, repair: False, repair_mode: , REPAIR_STATES: {}
[2025-08-10 08:17:06.277] trigger local function: payment of: 499b48e0-996a-4c72-a335-ea5bb96517a6, repair:False, repair_mode:, repair_mode_changed:False
[2025-08-10 08:17:06.277] check runnable for function: payment, up_cnt: 0, parent_executed: 1, parent_cnt: 1
[2025-08-10 08:17:06.277] Running function payment for transaction 499b48e0-996a-4c72-a335-ea5bb96517a6, repair: False, repair_mode: , REPAIR_STATES: {}
[2025-08-10 08:17:06.286] trigger local function: payment of: 88547d19-df5e-4466-b439-53fb66d350fa, repair:False, repair_mode:, repair_mode_changed:False
[2025-08-10 08:17:06.286] check runnable for function: payment, up_cnt: 0, parent_executed: 1, parent_cnt: 1
[2025-08-10 08:17:06.286] Running function payment for transaction 88547d19-df5e-4466-b439-53fb66d350fa, repair: False, repair_mode: , REPAIR_STATES: {}
[2025-08-10 08:17:06.286] trigger local function: confirm_reservation of: 9e2ef9a4-63a5-4368-996b-f8513ebe096d, repair:False, repair_mode:, repair_mode_changed:False
[2025-08-10 08:17:06.286] check runnable for function: confirm_reservation, up_cnt: 0, parent_executed: 1, parent_cnt: 1
[2025-08-10 08:17:06.286] Running function confirm_reservation for transaction 9e2ef9a4-63a5-4368-996b-f8513ebe096d, repair: False, repair_mode: , REPAIR_STATES: {}
[2025-08-10 08:17:06.290] trigger local function: comment_user of: 3a2b0aff-fe4d-4a77-a3fc-59f657c7612e, repair:False, repair_mode:, repair_mode_changed:False
[2025-08-10 08:17:06.290] check runnable for function: comment_user, up_cnt: 0, parent_executed: 1, parent_cnt: 3
[2025-08-10 08:17:06.290] trigger local function: payment of: ed55a72f-150b-49f6-985a-751114c0bbbd, repair:False, repair_mode:, repair_mode_changed:False
[2025-08-10 08:17:06.291] check runnable for function: payment, up_cnt: 0, parent_executed: 1, parent_cnt: 1
[2025-08-10 08:17:06.291] Running function payment for transaction ed55a72f-150b-49f6-985a-751114c0bbbd, repair: False, repair_mode: , REPAIR_STATES: {}
[2025-08-10 08:17:06.291] trigger local function: comment_user of: 3a2b0aff-fe4d-4a77-a3fc-59f657c7612e, repair:False, repair_mode:, repair_mode_changed:False
[2025-08-10 08:17:06.291] check runnable for function: comment_user, up_cnt: 0, parent_executed: 2, parent_cnt: 3
[2025-08-10 08:17:06.295] trigger local function: confirm_reservation of: af6efdd0-9506-4b50-8079-64654d6e7088, repair:False, repair_mode:, repair_mode_changed:False
[2025-08-10 08:17:06.295] check runnable for function: confirm_reservation, up_cnt: 0, parent_executed: 1, parent_cnt: 1
[2025-08-10 08:17:06.295] Running function confirm_reservation for transaction af6efdd0-9506-4b50-8079-64654d6e7088, repair: False, repair_mode: , REPAIR_STATES: {}
[2025-08-10 08:17:06.296] trigger local function: comment_user of: 3a2b0aff-fe4d-4a77-a3fc-59f657c7612e, repair:False, repair_mode:, repair_mode_changed:False
[2025-08-10 08:17:06.296] check runnable for function: comment_user, up_cnt: 0, parent_executed: 3, parent_cnt: 3
[2025-08-10 08:17:06.296] Running function comment_user for transaction 3a2b0aff-fe4d-4a77-a3fc-59f657c7612e, repair: False, repair_mode: , REPAIR_STATES: {}
[2025-08-10 08:17:06.297] delete state of: 673cb967-6128-45cd-a380-ffd9e8a1c4c7
[2025-08-10 08:17:06.298] trigger local function: publish of: d0065d4e-e429-4306-b634-9a83a77e2984, repair:False, repair_mode:, repair_mode_changed:False
[2025-08-10 08:17:06.298] check runnable for function: publish, up_cnt: 0, parent_executed: 1, parent_cnt: 1
[2025-08-10 08:17:06.298] Running function publish for transaction d0065d4e-e429-4306-b634-9a83a77e2984, repair: False, repair_mode: , REPAIR_STATES: {}
[2025-08-10 08:17:06.301] trigger local function: payment of: 95a786b4-956b-4eda-a4cb-f5f92b4669f2, repair:False, repair_mode:, repair_mode_changed:False
[2025-08-10 08:17:06.302] check runnable for function: payment, up_cnt: 0, parent_executed: 1, parent_cnt: 1
[2025-08-10 08:17:06.302] Running function payment for transaction 95a786b4-956b-4eda-a4cb-f5f92b4669f2, repair: False, repair_mode: , REPAIR_STATES: {}
[2025-08-10 08:17:06.302] trigger local function: deposit of: d482dd77-6dfd-43f6-be0a-88a49b257f9d, repair:False, repair_mode:, repair_mode_changed:False
[2025-08-10 08:17:06.302] check runnable for function: deposit, up_cnt: 0, parent_executed: 1, parent_cnt: 1
[2025-08-10 08:17:06.302] Running function deposit for transaction d482dd77-6dfd-43f6-be0a-88a49b257f9d, repair: False, repair_mode: , REPAIR_STATES: {}
[2025-08-10 08:17:06.302] trigger local function: payment of: 5412f15f-ee57-4ff9-a257-3bf036314fbe, repair:False, repair_mode:, repair_mode_changed:False
[2025-08-10 08:17:06.302] check runnable for function: payment, up_cnt: 0, parent_executed: 1, parent_cnt: 1
[2025-08-10 08:17:06.302] Running function payment for transaction 5412f15f-ee57-4ff9-a257-3bf036314fbe, repair: False, repair_mode: , REPAIR_STATES: {}
[2025-08-10 08:17:06.303] trigger local function: publish of: 58559917-5379-4181-a8a9-8baf57998c9f, repair:False, repair_mode:, repair_mode_changed:False
[2025-08-10 08:17:06.303] check runnable for function: publish, up_cnt: 0, parent_executed: 1, parent_cnt: 1
[2025-08-10 08:17:06.303] Running function publish for transaction 58559917-5379-4181-a8a9-8baf57998c9f, repair: False, repair_mode: , REPAIR_STATES: {}
[2025-08-10 08:17:06.305] trigger local function: confirm_reservation of: 499b48e0-996a-4c72-a335-ea5bb96517a6, repair:False, repair_mode:, repair_mode_changed:False
[2025-08-10 08:17:06.305] check runnable for function: confirm_reservation, up_cnt: 0, parent_executed: 1, parent_cnt: 1
[2025-08-10 08:17:06.305] Running function confirm_reservation for transaction 499b48e0-996a-4c72-a335-ea5bb96517a6, repair: False, repair_mode: , REPAIR_STATES: {}
[2025-08-10 08:17:06.307] trigger local function: confirm_reservation of: 88547d19-df5e-4466-b439-53fb66d350fa, repair:False, repair_mode:, repair_mode_changed:False
[2025-08-10 08:17:06.307] check runnable for function: confirm_reservation, up_cnt: 0, parent_executed: 1, parent_cnt: 1
[2025-08-10 08:17:06.307] Running function confirm_reservation for transaction 88547d19-df5e-4466-b439-53fb66d350fa, repair: False, repair_mode: , REPAIR_STATES: {}
[2025-08-10 08:17:06.307] trigger local function: comment_user of: fcd1015c-17fb-4c37-acee-2fac990625dd, repair:False, repair_mode:, repair_mode_changed:False
[2025-08-10 08:17:06.307] check runnable for function: comment_user, up_cnt: 0, parent_executed: 1, parent_cnt: 3
[2025-08-10 08:17:06.307] trigger local function: comment_user of: fcd1015c-17fb-4c37-acee-2fac990625dd, repair:False, repair_mode:, repair_mode_changed:False
[2025-08-10 08:17:06.307] check runnable for function: comment_user, up_cnt: 0, parent_executed: 2, parent_cnt: 3
[2025-08-10 08:17:06.309] delete state of: 5be0a2c2-f399-44af-aee2-388d7d1d7a51
[2025-08-10 08:17:06.312] trigger local function: payment of: 7c7d0459-e3fe-4f49-8b05-ccb72d3df163, repair:False, repair_mode:, repair_mode_changed:False
[2025-08-10 08:17:06.312] check runnable for function: payment, up_cnt: 0, parent_executed: 1, parent_cnt: 1
[2025-08-10 08:17:06.312] Running function payment for transaction 7c7d0459-e3fe-4f49-8b05-ccb72d3df163, repair: False, repair_mode: , REPAIR_STATES: {}
[2025-08-10 08:17:06.312] trigger local function: comment_user of: fcd1015c-17fb-4c37-acee-2fac990625dd, repair:False, repair_mode:, repair_mode_changed:False
[2025-08-10 08:17:06.312] check runnable for function: comment_user, up_cnt: 0, parent_executed: 3, parent_cnt: 3
[2025-08-10 08:17:06.312] Running function comment_user for transaction fcd1015c-17fb-4c37-acee-2fac990625dd, repair: False, repair_mode: , REPAIR_STATES: {}
[2025-08-10 08:17:06.313] trigger local function: payment of: 0ef217e4-89d3-4034-bf09-14e6897d55d9, repair:False, repair_mode:, repair_mode_changed:False
[2025-08-10 08:17:06.313] check runnable for function: payment, up_cnt: 0, parent_executed: 1, parent_cnt: 1
[2025-08-10 08:17:06.313] Running function payment for transaction 0ef217e4-89d3-4034-bf09-14e6897d55d9, repair: False, repair_mode: , REPAIR_STATES: {}
[2025-08-10 08:17:06.313] delete state of: 798b09d9-712c-4255-9472-7149b102b08e
[2025-08-10 08:17:06.314] trigger local function: confirm_reservation of: ed55a72f-150b-49f6-985a-751114c0bbbd, repair:False, repair_mode:, repair_mode_changed:False
[2025-08-10 08:17:06.314] check runnable for function: confirm_reservation, up_cnt: 0, parent_executed: 1, parent_cnt: 1
[2025-08-10 08:17:06.314] Running function confirm_reservation for transaction ed55a72f-150b-49f6-985a-751114c0bbbd, repair: False, repair_mode: , REPAIR_STATES: {}
[2025-08-10 08:17:06.318] trigger local function: modify_timeline of: d0065d4e-e429-4306-b634-9a83a77e2984, repair:False, repair_mode:, repair_mode_changed:False
[2025-08-10 08:17:06.318] check runnable for function: modify_timeline, up_cnt: 0, parent_executed: 1, parent_cnt: 1
[2025-08-10 08:17:06.318] Running function modify_timeline for transaction d0065d4e-e429-4306-b634-9a83a77e2984, repair: False, repair_mode: , REPAIR_STATES: {}
[2025-08-10 08:17:06.322] trigger local function: comment_user of: 2b5f8fbd-ab11-4e65-94fe-8eb4417b5438, repair:False, repair_mode:, repair_mode_changed:False
[2025-08-10 08:17:06.322] check runnable for function: comment_user, up_cnt: 0, parent_executed: 1, parent_cnt: 3
[2025-08-10 08:17:06.322] trigger local function: comment_user of: c0293923-8f87-48f4-b5eb-d79d9b6900b3, repair:False, repair_mode:, repair_mode_changed:False
[2025-08-10 08:17:06.322] check runnable for function: comment_user, up_cnt: 0, parent_executed: 1, parent_cnt: 3
[2025-08-10 08:17:06.323] trigger local function: comment_user of: 2b5f8fbd-ab11-4e65-94fe-8eb4417b5438, repair:False, repair_mode:, repair_mode_changed:False
[2025-08-10 08:17:06.323] check runnable for function: comment_user, up_cnt: 0, parent_executed: 2, parent_cnt: 3
[2025-08-10 08:17:06.323] trigger local function: comment_user of: 2b5f8fbd-ab11-4e65-94fe-8eb4417b5438, repair:False, repair_mode:, repair_mode_changed:False
[2025-08-10 08:17:06.323] check runnable for function: comment_user, up_cnt: 0, parent_executed: 3, parent_cnt: 3
[2025-08-10 08:17:06.323] Running function comment_user for transaction 2b5f8fbd-ab11-4e65-94fe-8eb4417b5438, repair: False, repair_mode: , REPAIR_STATES: {}
[2025-08-10 08:17:06.323] trigger local function: comment_user of: c0293923-8f87-48f4-b5eb-d79d9b6900b3, repair:False, repair_mode:, repair_mode_changed:False
[2025-08-10 08:17:06.323] check runnable for function: comment_user, up_cnt: 0, parent_executed: 2, parent_cnt: 3
[2025-08-10 08:17:06.326] delete state of: ab7ac298-a671-468f-9ce3-d1b6a4a97818
[2025-08-10 08:17:06.326] trigger local function: comment_user of: c0293923-8f87-48f4-b5eb-d79d9b6900b3, repair:False, repair_mode:, repair_mode_changed:False
[2025-08-10 08:17:06.326] check runnable for function: comment_user, up_cnt: 0, parent_executed: 3, parent_cnt: 3
[2025-08-10 08:17:06.326] Running function comment_user for transaction c0293923-8f87-48f4-b5eb-d79d9b6900b3, repair: False, repair_mode: , REPAIR_STATES: {}
[2025-08-10 08:17:06.326] trigger local function: comment_user of: ad8fae20-8ca5-4d61-82ea-23bfbdb904b2, repair:False, repair_mode:, repair_mode_changed:False
[2025-08-10 08:17:06.326] check runnable for function: comment_user, up_cnt: 0, parent_executed: 1, parent_cnt: 3
[2025-08-10 08:17:06.327] trigger local function: comment_user of: ad8fae20-8ca5-4d61-82ea-23bfbdb904b2, repair:False, repair_mode:, repair_mode_changed:False
[2025-08-10 08:17:06.327] check runnable for function: comment_user, up_cnt: 0, parent_executed: 2, parent_cnt: 3
[2025-08-10 08:17:06.329] trigger local function: confirm_reservation of: 95a786b4-956b-4eda-a4cb-f5f92b4669f2, repair:False, repair_mode:, repair_mode_changed:False
[2025-08-10 08:17:06.329] check runnable for function: confirm_reservation, up_cnt: 0, parent_executed: 1, parent_cnt: 1
[2025-08-10 08:17:06.329] Running function confirm_reservation for transaction 95a786b4-956b-4eda-a4cb-f5f92b4669f2, repair: False, repair_mode: , REPAIR_STATES: {}
[2025-08-10 08:17:06.329] trigger local function: comment_user of: ad8fae20-8ca5-4d61-82ea-23bfbdb904b2, repair:False, repair_mode:, repair_mode_changed:False
[2025-08-10 08:17:06.329] check runnable for function: comment_user, up_cnt: 0, parent_executed: 3, parent_cnt: 3
[2025-08-10 08:17:06.329] Running function comment_user for transaction ad8fae20-8ca5-4d61-82ea-23bfbdb904b2, repair: False, repair_mode: , REPAIR_STATES: {}
[2025-08-10 08:17:06.331] trigger local function: modify_timeline of: 58559917-5379-4181-a8a9-8baf57998c9f, repair:False, repair_mode:, repair_mode_changed:False
[2025-08-10 08:17:06.331] check runnable for function: modify_timeline, up_cnt: 0, parent_executed: 1, parent_cnt: 1
[2025-08-10 08:17:06.331] Running function modify_timeline for transaction 58559917-5379-4181-a8a9-8baf57998c9f, repair: False, repair_mode: , REPAIR_STATES: {}
[2025-08-10 08:17:06.335] trigger local function: publish of: 3a2b0aff-fe4d-4a77-a3fc-59f657c7612e, repair:False, repair_mode:, repair_mode_changed:False
[2025-08-10 08:17:06.336] check runnable for function: publish, up_cnt: 0, parent_executed: 1, parent_cnt: 1
[2025-08-10 08:17:06.336] Running function publish for transaction 3a2b0aff-fe4d-4a77-a3fc-59f657c7612e, repair: False, repair_mode: , REPAIR_STATES: {}
[2025-08-10 08:17:06.337] trigger local function: comment_user of: 440d43d1-4c12-406b-9b2e-eab93647a88c, repair:False, repair_mode:, repair_mode_changed:False
[2025-08-10 08:17:06.337] check runnable for function: comment_user, up_cnt: 0, parent_executed: 1, parent_cnt: 3
[2025-08-10 08:17:06.337] trigger local function: comment_user of: 91166a41-813b-4525-b5a0-a983c6ea2417, repair:False, repair_mode:, repair_mode_changed:False
[2025-08-10 08:17:06.337] check runnable for function: comment_user, up_cnt: 0, parent_executed: 1, parent_cnt: 3
[2025-08-10 08:17:06.337] trigger local function: comment_user of: 91166a41-813b-4525-b5a0-a983c6ea2417, repair:False, repair_mode:, repair_mode_changed:False
[2025-08-10 08:17:06.337] check runnable for function: comment_user, up_cnt: 0, parent_executed: 2, parent_cnt: 3
[2025-08-10 08:17:06.339] trigger local function: comment_user of: 440d43d1-4c12-406b-9b2e-eab93647a88c, repair:False, repair_mode:, repair_mode_changed:False
[2025-08-10 08:17:06.339] check runnable for function: comment_user, up_cnt: 0, parent_executed: 2, parent_cnt: 3
[2025-08-10 08:17:06.341] trigger local function: comment_user of: 91166a41-813b-4525-b5a0-a983c6ea2417, repair:False, repair_mode:, repair_mode_changed:False
[2025-08-10 08:17:06.341] check runnable for function: comment_user, up_cnt: 0, parent_executed: 3, parent_cnt: 3
[2025-08-10 08:17:06.341] Running function comment_user for transaction 91166a41-813b-4525-b5a0-a983c6ea2417, repair: False, repair_mode: , REPAIR_STATES: {}
[2025-08-10 08:17:06.341] trigger local function: comment_user of: 440d43d1-4c12-406b-9b2e-eab93647a88c, repair:False, repair_mode:, repair_mode_changed:False
[2025-08-10 08:17:06.341] check runnable for function: comment_user, up_cnt: 0, parent_executed: 3, parent_cnt: 3
[2025-08-10 08:17:06.341] Running function comment_user for transaction 440d43d1-4c12-406b-9b2e-eab93647a88c, repair: False, repair_mode: , REPAIR_STATES: {}
[2025-08-10 08:17:06.344] trigger local function: confirm_reservation of: 5412f15f-ee57-4ff9-a257-3bf036314fbe, repair:False, repair_mode:, repair_mode_changed:False
[2025-08-10 08:17:06.344] check runnable for function: confirm_reservation, up_cnt: 0, parent_executed: 1, parent_cnt: 1
[2025-08-10 08:17:06.344] Running function confirm_reservation for transaction 5412f15f-ee57-4ff9-a257-3bf036314fbe, repair: False, repair_mode: , REPAIR_STATES: {}
[2025-08-10 08:17:06.344] trigger local function: confirm_reservation of: 7c7d0459-e3fe-4f49-8b05-ccb72d3df163, repair:False, repair_mode:, repair_mode_changed:False
[2025-08-10 08:17:06.344] check runnable for function: confirm_reservation, up_cnt: 0, parent_executed: 1, parent_cnt: 1
[2025-08-10 08:17:06.344] Running function confirm_reservation for transaction 7c7d0459-e3fe-4f49-8b05-ccb72d3df163, repair: False, repair_mode: , REPAIR_STATES: {}
[2025-08-10 08:17:06.348] trigger local function: confirm_reservation of: 0ef217e4-89d3-4034-bf09-14e6897d55d9, repair:False, repair_mode:, repair_mode_changed:False
[2025-08-10 08:17:06.349] check runnable for function: confirm_reservation, up_cnt: 0, parent_executed: 1, parent_cnt: 1
[2025-08-10 08:17:06.349] Running function confirm_reservation for transaction 0ef217e4-89d3-4034-bf09-14e6897d55d9, repair: False, repair_mode: , REPAIR_STATES: {}
[2025-08-10 08:17:06.350] trigger local function: publish of: fcd1015c-17fb-4c37-acee-2fac990625dd, repair:False, repair_mode:, repair_mode_changed:False
[2025-08-10 08:17:06.350] check runnable for function: publish, up_cnt: 0, parent_executed: 1, parent_cnt: 1
[2025-08-10 08:17:06.350] Running function publish for transaction fcd1015c-17fb-4c37-acee-2fac990625dd, repair: False, repair_mode: , REPAIR_STATES: {}
[2025-08-10 08:17:06.351] trigger local function: comment_user of: b64ffa48-3b84-4e2e-8724-7216fce0c69d, repair:False, repair_mode:, repair_mode_changed:False
[2025-08-10 08:17:06.351] check runnable for function: comment_user, up_cnt: 0, parent_executed: 1, parent_cnt: 3
[2025-08-10 08:17:06.352] trigger local function: comment_user of: b64ffa48-3b84-4e2e-8724-7216fce0c69d, repair:False, repair_mode:, repair_mode_changed:False
[2025-08-10 08:17:06.352] check runnable for function: comment_user, up_cnt: 0, parent_executed: 2, parent_cnt: 3
[2025-08-10 08:17:06.352] trigger local function: deposit of: 81678309-3bd8-415b-a766-1c4adcebabc5, repair:False, repair_mode:, repair_mode_changed:False
[2025-08-10 08:17:06.352] check runnable for function: deposit, up_cnt: 0, parent_executed: 1, parent_cnt: 1
[2025-08-10 08:17:06.352] Running function deposit for transaction 81678309-3bd8-415b-a766-1c4adcebabc5, repair: False, repair_mode: , REPAIR_STATES: {}
[2025-08-10 08:17:06.352] trigger local function: comment_user of: b64ffa48-3b84-4e2e-8724-7216fce0c69d, repair:False, repair_mode:, repair_mode_changed:False
[2025-08-10 08:17:06.352] check runnable for function: comment_user, up_cnt: 0, parent_executed: 3, parent_cnt: 3
[2025-08-10 08:17:06.352] Running function comment_user for transaction b64ffa48-3b84-4e2e-8724-7216fce0c69d, repair: False, repair_mode: , REPAIR_STATES: {}
[2025-08-10 08:17:06.353] trigger local function: comment_user of: 72f9d034-aa22-450b-8781-b1ff0c30efff, repair:False, repair_mode:, repair_mode_changed:False
[2025-08-10 08:17:06.353] check runnable for function: comment_user, up_cnt: 0, parent_executed: 1, parent_cnt: 3
[2025-08-10 08:17:06.354] trigger local function: comment_user of: 72f9d034-aa22-450b-8781-b1ff0c30efff, repair:False, repair_mode:, repair_mode_changed:False
[2025-08-10 08:17:06.354] check runnable for function: comment_user, up_cnt: 0, parent_executed: 2, parent_cnt: 3
[2025-08-10 08:17:06.355] trigger local function: comment_user of: 72f9d034-aa22-450b-8781-b1ff0c30efff, repair:False, repair_mode:, repair_mode_changed:False
[2025-08-10 08:17:06.355] check runnable for function: comment_user, up_cnt: 0, parent_executed: 3, parent_cnt: 3
[2025-08-10 08:17:06.355] Running function comment_user for transaction 72f9d034-aa22-450b-8781-b1ff0c30efff, repair: False, repair_mode: , REPAIR_STATES: {}
[2025-08-10 08:17:06.360] trigger local function: comment_user of: b5f871d8-78f8-4a0f-b965-3d2174edf878, repair:False, repair_mode:, repair_mode_changed:False
[2025-08-10 08:17:06.360] check runnable for function: comment_user, up_cnt: 0, parent_executed: 1, parent_cnt: 3
[2025-08-10 08:17:06.360] trigger local function: comment_user of: b5f871d8-78f8-4a0f-b965-3d2174edf878, repair:False, repair_mode:, repair_mode_changed:False
[2025-08-10 08:17:06.360] check runnable for function: comment_user, up_cnt: 0, parent_executed: 2, parent_cnt: 3
[2025-08-10 08:17:06.361] trigger local function: comment_user of: b5f871d8-78f8-4a0f-b965-3d2174edf878, repair:False, repair_mode:, repair_mode_changed:False
[2025-08-10 08:17:06.361] check runnable for function: comment_user, up_cnt: 0, parent_executed: 3, parent_cnt: 3
[2025-08-10 08:17:06.361] Running function comment_user for transaction b5f871d8-78f8-4a0f-b965-3d2174edf878, repair: False, repair_mode: , REPAIR_STATES: {}
[2025-08-10 08:17:06.361] trigger local function: comment_user of: 7631991a-aee7-4b9a-961e-98e3132f885b, repair:False, repair_mode:, repair_mode_changed:False
[2025-08-10 08:17:06.361] check runnable for function: comment_user, up_cnt: 0, parent_executed: 1, parent_cnt: 3
[2025-08-10 08:17:06.361] trigger local function: comment_user of: 7631991a-aee7-4b9a-961e-98e3132f885b, repair:False, repair_mode:, repair_mode_changed:False
[2025-08-10 08:17:06.361] check runnable for function: comment_user, up_cnt: 0, parent_executed: 2, parent_cnt: 3
[2025-08-10 08:17:06.362] trigger local function: comment_user of: 7631991a-aee7-4b9a-961e-98e3132f885b, repair:False, repair_mode:, repair_mode_changed:False
[2025-08-10 08:17:06.362] check runnable for function: comment_user, up_cnt: 0, parent_executed: 3, parent_cnt: 3
[2025-08-10 08:17:06.362] Running function comment_user for transaction 7631991a-aee7-4b9a-961e-98e3132f885b, repair: False, repair_mode: , REPAIR_STATES: {}
[2025-08-10 08:17:06.362] trigger local function: comment_user of: 292686fa-b2ed-4b8f-b7a6-2d129c41888e, repair:False, repair_mode:, repair_mode_changed:False
[2025-08-10 08:17:06.362] check runnable for function: comment_user, up_cnt: 0, parent_executed: 1, parent_cnt: 3
[2025-08-10 08:17:06.362] trigger local function: comment_user of: 292686fa-b2ed-4b8f-b7a6-2d129c41888e, repair:False, repair_mode:, repair_mode_changed:False
[2025-08-10 08:17:06.363] check runnable for function: comment_user, up_cnt: 0, parent_executed: 2, parent_cnt: 3
[2025-08-10 08:17:06.366] trigger local function: comment_user of: 292686fa-b2ed-4b8f-b7a6-2d129c41888e, repair:False, repair_mode:, repair_mode_changed:False
[2025-08-10 08:17:06.366] check runnable for function: comment_user, up_cnt: 0, parent_executed: 3, parent_cnt: 3
[2025-08-10 08:17:06.366] Running function comment_user for transaction 292686fa-b2ed-4b8f-b7a6-2d129c41888e, repair: False, repair_mode: , REPAIR_STATES: {}
[2025-08-10 08:17:06.366] trigger local function: comment_user of: dfccc098-8ea8-441a-889c-297d87ab540a, repair:False, repair_mode:, repair_mode_changed:False
[2025-08-10 08:17:06.366] check runnable for function: comment_user, up_cnt: 0, parent_executed: 1, parent_cnt: 3
[2025-08-10 08:17:06.366] trigger local function: comment_user of: dfccc098-8ea8-441a-889c-297d87ab540a, repair:False, repair_mode:, repair_mode_changed:False
[2025-08-10 08:17:06.366] check runnable for function: comment_user, up_cnt: 0, parent_executed: 2, parent_cnt: 3
[2025-08-10 08:17:06.368] trigger local function: modify_timeline of: 3a2b0aff-fe4d-4a77-a3fc-59f657c7612e, repair:False, repair_mode:, repair_mode_changed:False
[2025-08-10 08:17:06.368] check runnable for function: modify_timeline, up_cnt: 0, parent_executed: 1, parent_cnt: 1
[2025-08-10 08:17:06.368] Running function modify_timeline for transaction 3a2b0aff-fe4d-4a77-a3fc-59f657c7612e, repair: False, repair_mode: , REPAIR_STATES: {}
[2025-08-10 08:17:06.368] trigger local function: publish of: 2b5f8fbd-ab11-4e65-94fe-8eb4417b5438, repair:False, repair_mode:, repair_mode_changed:False
[2025-08-10 08:17:06.368] check runnable for function: publish, up_cnt: 0, parent_executed: 1, parent_cnt: 1
[2025-08-10 08:17:06.368] Running function publish for transaction 2b5f8fbd-ab11-4e65-94fe-8eb4417b5438, repair: False, repair_mode: , REPAIR_STATES: {}
[2025-08-10 08:17:06.369] trigger local function: publish of: c0293923-8f87-48f4-b5eb-d79d9b6900b3, repair:False, repair_mode:, repair_mode_changed:False
[2025-08-10 08:17:06.369] check runnable for function: publish, up_cnt: 0, parent_executed: 1, parent_cnt: 1
[2025-08-10 08:17:06.369] Running function publish for transaction c0293923-8f87-48f4-b5eb-d79d9b6900b3, repair: False, repair_mode: , REPAIR_STATES: {}
[2025-08-10 08:17:06.369] trigger local function: comment_user of: dfccc098-8ea8-441a-889c-297d87ab540a, repair:False, repair_mode:, repair_mode_changed:False
[2025-08-10 08:17:06.369] check runnable for function: comment_user, up_cnt: 0, parent_executed: 3, parent_cnt: 3
[2025-08-10 08:17:06.369] Running function comment_user for transaction dfccc098-8ea8-441a-889c-297d87ab540a, repair: False, repair_mode: , REPAIR_STATES: {}
[2025-08-10 08:17:06.369] trigger local function: deposit of: 7a50f714-b225-49e9-a147-feeb8c03ff9e, repair:False, repair_mode:, repair_mode_changed:False
[2025-08-10 08:17:06.369] check runnable for function: deposit, up_cnt: 0, parent_executed: 1, parent_cnt: 1
[2025-08-10 08:17:06.369] Running function deposit for transaction 7a50f714-b225-49e9-a147-feeb8c03ff9e, repair: False, repair_mode: , REPAIR_STATES: {}
[2025-08-10 08:17:06.380] trigger local function: deposit of: 61f5dc54-a8cd-4ff1-9fbc-8fb09c26f8ea, repair:False, repair_mode:, repair_mode_changed:False
[2025-08-10 08:17:06.380] check runnable for function: deposit, up_cnt: 0, parent_executed: 1, parent_cnt: 1
[2025-08-10 08:17:06.380] Running function deposit for transaction 61f5dc54-a8cd-4ff1-9fbc-8fb09c26f8ea, repair: False, repair_mode: , REPAIR_STATES: {}
[2025-08-10 08:17:06.380] trigger local function: deposit of: 7227b4db-4a85-4c63-ac78-4d19f7eaf9fe, repair:False, repair_mode:, repair_mode_changed:False
[2025-08-10 08:17:06.380] check runnable for function: deposit, up_cnt: 0, parent_executed: 1, parent_cnt: 1
[2025-08-10 08:17:06.380] Running function deposit for transaction 7227b4db-4a85-4c63-ac78-4d19f7eaf9fe, repair: False, repair_mode: , REPAIR_STATES: {}
[2025-08-10 08:17:06.380] trigger local function: publish of: ad8fae20-8ca5-4d61-82ea-23bfbdb904b2, repair:False, repair_mode:, repair_mode_changed:False
[2025-08-10 08:17:06.380] check runnable for function: publish, up_cnt: 0, parent_executed: 1, parent_cnt: 1
[2025-08-10 08:17:06.380] Running function publish for transaction ad8fae20-8ca5-4d61-82ea-23bfbdb904b2, repair: False, repair_mode: , REPAIR_STATES: {}
[2025-08-10 08:17:06.384] trigger local function: deposit of: 066e119f-97b1-40b3-9cb6-87f4ac3494b1, repair:False, repair_mode:, repair_mode_changed:False
[2025-08-10 08:17:06.385] check runnable for function: deposit, up_cnt: 0, parent_executed: 1, parent_cnt: 1
[2025-08-10 08:17:06.385] Running function deposit for transaction 066e119f-97b1-40b3-9cb6-87f4ac3494b1, repair: False, repair_mode: , REPAIR_STATES: {}
[2025-08-10 08:17:06.387] trigger local function: publish of: 91166a41-813b-4525-b5a0-a983c6ea2417, repair:False, repair_mode:, repair_mode_changed:False
[2025-08-10 08:17:06.387] check runnable for function: publish, up_cnt: 0, parent_executed: 1, parent_cnt: 1
[2025-08-10 08:17:06.387] Running function publish for transaction 91166a41-813b-4525-b5a0-a983c6ea2417, repair: False, repair_mode: , REPAIR_STATES: {}
[2025-08-10 08:17:06.390] trigger local function: deposit of: d4b02491-1574-44e8-8d4c-ea3814c42a23, repair:False, repair_mode:, repair_mode_changed:False
[2025-08-10 08:17:06.390] check runnable for function: deposit, up_cnt: 0, parent_executed: 1, parent_cnt: 1
[2025-08-10 08:17:06.390] Running function deposit for transaction d4b02491-1574-44e8-8d4c-ea3814c42a23, repair: False, repair_mode: , REPAIR_STATES: {}
[2025-08-10 08:17:06.390] trigger local function: modify_timeline of: fcd1015c-17fb-4c37-acee-2fac990625dd, repair:False, repair_mode:, repair_mode_changed:False
[2025-08-10 08:17:06.390] check runnable for function: modify_timeline, up_cnt: 0, parent_executed: 1, parent_cnt: 1
[2025-08-10 08:17:06.390] Running function modify_timeline for transaction fcd1015c-17fb-4c37-acee-2fac990625dd, repair: False, repair_mode: , REPAIR_STATES: {}
[2025-08-10 08:17:06.392] trigger local function: publish of: 440d43d1-4c12-406b-9b2e-eab93647a88c, repair:False, repair_mode:, repair_mode_changed:False
[2025-08-10 08:17:06.392] check runnable for function: publish, up_cnt: 0, parent_executed: 1, parent_cnt: 1
[2025-08-10 08:17:06.392] Running function publish for transaction 440d43d1-4c12-406b-9b2e-eab93647a88c, repair: False, repair_mode: , REPAIR_STATES: {}
[2025-08-10 08:17:06.398] trigger local function: publish of: b64ffa48-3b84-4e2e-8724-7216fce0c69d, repair:False, repair_mode:, repair_mode_changed:False
[2025-08-10 08:17:06.399] check runnable for function: publish, up_cnt: 0, parent_executed: 1, parent_cnt: 1
[2025-08-10 08:17:06.399] Running function publish for transaction b64ffa48-3b84-4e2e-8724-7216fce0c69d, repair: False, repair_mode: , REPAIR_STATES: {}
[2025-08-10 08:17:06.401] trigger local function: deposit of: 846a2eb0-daa1-41c5-b7f1-9f372b2a25ee, repair:False, repair_mode:, repair_mode_changed:False
[2025-08-10 08:17:06.401] check runnable for function: deposit, up_cnt: 0, parent_executed: 1, parent_cnt: 1
[2025-08-10 08:17:06.401] Running function deposit for transaction 846a2eb0-daa1-41c5-b7f1-9f372b2a25ee, repair: False, repair_mode: , REPAIR_STATES: {}
[2025-08-10 08:17:06.401] trigger local function: payment of: 016c071c-aebd-45e9-818a-f71203e4e0a8, repair:False, repair_mode:, repair_mode_changed:False
[2025-08-10 08:17:06.401] check runnable for function: payment, up_cnt: 0, parent_executed: 1, parent_cnt: 1
[2025-08-10 08:17:06.401] Running function payment for transaction 016c071c-aebd-45e9-818a-f71203e4e0a8, repair: False, repair_mode: , REPAIR_STATES: {}
[2025-08-10 08:17:06.403] trigger local function: modify_timeline of: 2b5f8fbd-ab11-4e65-94fe-8eb4417b5438, repair:False, repair_mode:, repair_mode_changed:False
[2025-08-10 08:17:06.404] check runnable for function: modify_timeline, up_cnt: 0, parent_executed: 1, parent_cnt: 1
[2025-08-10 08:17:06.404] Running function modify_timeline for transaction 2b5f8fbd-ab11-4e65-94fe-8eb4417b5438, repair: False, repair_mode: , REPAIR_STATES: {}
[2025-08-10 08:17:06.405] trigger local function: deposit of: 331f47e8-0981-47c6-ab39-3fad68d2b93a, repair:False, repair_mode:, repair_mode_changed:False
[2025-08-10 08:17:06.405] check runnable for function: deposit, up_cnt: 0, parent_executed: 1, parent_cnt: 1
[2025-08-10 08:17:06.405] Running function deposit for transaction 331f47e8-0981-47c6-ab39-3fad68d2b93a, repair: False, repair_mode: , REPAIR_STATES: {}
[2025-08-10 08:17:06.409] trigger local function: publish of: 72f9d034-aa22-450b-8781-b1ff0c30efff, repair:False, repair_mode:, repair_mode_changed:False
[2025-08-10 08:17:06.409] check runnable for function: publish, up_cnt: 0, parent_executed: 1, parent_cnt: 1
[2025-08-10 08:17:06.409] Running function publish for transaction 72f9d034-aa22-450b-8781-b1ff0c30efff, repair: False, repair_mode: , REPAIR_STATES: {}
[2025-08-10 08:17:06.409] trigger local function: deposit of: 1078319c-9678-410a-9f0f-b8f6f9fcad21, repair:False, repair_mode:, repair_mode_changed:False
[2025-08-10 08:17:06.409] check runnable for function: deposit, up_cnt: 0, parent_executed: 1, parent_cnt: 1
[2025-08-10 08:17:06.409] Running function deposit for transaction 1078319c-9678-410a-9f0f-b8f6f9fcad21, repair: False, repair_mode: , REPAIR_STATES: {}
[2025-08-10 08:17:06.409] trigger local function: publish of: b5f871d8-78f8-4a0f-b965-3d2174edf878, repair:False, repair_mode:, repair_mode_changed:False
[2025-08-10 08:17:06.409] check runnable for function: publish, up_cnt: 0, parent_executed: 1, parent_cnt: 1
[2025-08-10 08:17:06.409] Running function publish for transaction b5f871d8-78f8-4a0f-b965-3d2174edf878, repair: False, repair_mode: , REPAIR_STATES: {}
[2025-08-10 08:17:06.411] trigger local function: modify_timeline of: c0293923-8f87-48f4-b5eb-d79d9b6900b3, repair:False, repair_mode:, repair_mode_changed:False
[2025-08-10 08:17:06.411] check runnable for function: modify_timeline, up_cnt: 0, parent_executed: 1, parent_cnt: 1
[2025-08-10 08:17:06.411] Running function modify_timeline for transaction c0293923-8f87-48f4-b5eb-d79d9b6900b3, repair: False, repair_mode: , REPAIR_STATES: {}
[2025-08-10 08:17:06.412] trigger local function: deposit of: be172549-1522-48e0-adb9-badf56c22966, repair:False, repair_mode:, repair_mode_changed:False
[2025-08-10 08:17:06.412] check runnable for function: deposit, up_cnt: 0, parent_executed: 1, parent_cnt: 1
[2025-08-10 08:17:06.412] Running function deposit for transaction be172549-1522-48e0-adb9-badf56c22966, repair: False, repair_mode: , REPAIR_STATES: {}
[2025-08-10 08:17:06.417] trigger local function: publish of: 7631991a-aee7-4b9a-961e-98e3132f885b, repair:False, repair_mode:, repair_mode_changed:False
[2025-08-10 08:17:06.417] check runnable for function: publish, up_cnt: 0, parent_executed: 1, parent_cnt: 1
[2025-08-10 08:17:06.417] Running function publish for transaction 7631991a-aee7-4b9a-961e-98e3132f885b, repair: False, repair_mode: , REPAIR_STATES: {}
[2025-08-10 08:17:06.418] trigger local function: modify_timeline of: 91166a41-813b-4525-b5a0-a983c6ea2417, repair:False, repair_mode:, repair_mode_changed:False
[2025-08-10 08:17:06.418] check runnable for function: modify_timeline, up_cnt: 0, parent_executed: 1, parent_cnt: 1
[2025-08-10 08:17:06.418] Running function modify_timeline for transaction 91166a41-813b-4525-b5a0-a983c6ea2417, repair: False, repair_mode: , REPAIR_STATES: {}
[2025-08-10 08:17:06.421] trigger local function: modify_timeline of: ad8fae20-8ca5-4d61-82ea-23bfbdb904b2, repair:False, repair_mode:, repair_mode_changed:False
[2025-08-10 08:17:06.421] check runnable for function: modify_timeline, up_cnt: 0, parent_executed: 1, parent_cnt: 1
[2025-08-10 08:17:06.421] Running function modify_timeline for transaction ad8fae20-8ca5-4d61-82ea-23bfbdb904b2, repair: False, repair_mode: , REPAIR_STATES: {}
[2025-08-10 08:17:06.424] trigger local function: publish of: 292686fa-b2ed-4b8f-b7a6-2d129c41888e, repair:False, repair_mode:, repair_mode_changed:False
[2025-08-10 08:17:06.424] check runnable for function: publish, up_cnt: 0, parent_executed: 1, parent_cnt: 1
[2025-08-10 08:17:06.424] Running function publish for transaction 292686fa-b2ed-4b8f-b7a6-2d129c41888e, repair: False, repair_mode: , REPAIR_STATES: {}
[2025-08-10 08:17:06.425] trigger local function: modify_timeline of: 440d43d1-4c12-406b-9b2e-eab93647a88c, repair:False, repair_mode:, repair_mode_changed:False
[2025-08-10 08:17:06.425] check runnable for function: modify_timeline, up_cnt: 0, parent_executed: 1, parent_cnt: 1
[2025-08-10 08:17:06.425] Running function modify_timeline for transaction 440d43d1-4c12-406b-9b2e-eab93647a88c, repair: False, repair_mode: , REPAIR_STATES: {}
[2025-08-10 08:17:06.427] trigger local function: publish of: dfccc098-8ea8-441a-889c-297d87ab540a, repair:False, repair_mode:, repair_mode_changed:False
[2025-08-10 08:17:06.428] check runnable for function: publish, up_cnt: 0, parent_executed: 1, parent_cnt: 1
[2025-08-10 08:17:06.428] Running function publish for transaction dfccc098-8ea8-441a-889c-297d87ab540a, repair: False, repair_mode: , REPAIR_STATES: {}
[2025-08-10 08:17:06.431] trigger local function: modify_timeline of: b64ffa48-3b84-4e2e-8724-7216fce0c69d, repair:False, repair_mode:, repair_mode_changed:False
[2025-08-10 08:17:06.431] check runnable for function: modify_timeline, up_cnt: 0, parent_executed: 1, parent_cnt: 1
[2025-08-10 08:17:06.431] Running function modify_timeline for transaction b64ffa48-3b84-4e2e-8724-7216fce0c69d, repair: False, repair_mode: , REPAIR_STATES: {}
[2025-08-10 08:17:06.438] trigger local function: modify_timeline of: 72f9d034-aa22-450b-8781-b1ff0c30efff, repair:False, repair_mode:, repair_mode_changed:False
[2025-08-10 08:17:06.438] check runnable for function: modify_timeline, up_cnt: 0, parent_executed: 1, parent_cnt: 1
[2025-08-10 08:17:06.438] Running function modify_timeline for transaction 72f9d034-aa22-450b-8781-b1ff0c30efff, repair: False, repair_mode: , REPAIR_STATES: {}
[2025-08-10 08:17:06.440] trigger local function: confirm_reservation of: 016c071c-aebd-45e9-818a-f71203e4e0a8, repair:False, repair_mode:, repair_mode_changed:False
[2025-08-10 08:17:06.440] check runnable for function: confirm_reservation, up_cnt: 0, parent_executed: 1, parent_cnt: 1
[2025-08-10 08:17:06.440] Running function confirm_reservation for transaction 016c071c-aebd-45e9-818a-f71203e4e0a8, repair: False, repair_mode: , REPAIR_STATES: {}
[2025-08-10 08:17:06.447] trigger local function: modify_timeline of: b5f871d8-78f8-4a0f-b965-3d2174edf878, repair:False, repair_mode:, repair_mode_changed:False
[2025-08-10 08:17:06.447] check runnable for function: modify_timeline, up_cnt: 0, parent_executed: 1, parent_cnt: 1
[2025-08-10 08:17:06.447] Running function modify_timeline for transaction b5f871d8-78f8-4a0f-b965-3d2174edf878, repair: False, repair_mode: , REPAIR_STATES: {}
[2025-08-10 08:17:06.450] trigger local function: modify_timeline of: 7631991a-aee7-4b9a-961e-98e3132f885b, repair:False, repair_mode:, repair_mode_changed:False
[2025-08-10 08:17:06.451] check runnable for function: modify_timeline, up_cnt: 0, parent_executed: 1, parent_cnt: 1
[2025-08-10 08:17:06.451] Running function modify_timeline for transaction 7631991a-aee7-4b9a-961e-98e3132f885b, repair: False, repair_mode: , REPAIR_STATES: {}
[2025-08-10 08:17:06.457] trigger local function: modify_timeline of: 292686fa-b2ed-4b8f-b7a6-2d129c41888e, repair:False, repair_mode:, repair_mode_changed:False
[2025-08-10 08:17:06.457] check runnable for function: modify_timeline, up_cnt: 0, parent_executed: 1, parent_cnt: 1
[2025-08-10 08:17:06.457] Running function modify_timeline for transaction 292686fa-b2ed-4b8f-b7a6-2d129c41888e, repair: False, repair_mode: , REPAIR_STATES: {}
[2025-08-10 08:17:06.461] trigger local function: modify_timeline of: dfccc098-8ea8-441a-889c-297d87ab540a, repair:False, repair_mode:, repair_mode_changed:False
[2025-08-10 08:17:06.461] check runnable for function: modify_timeline, up_cnt: 0, parent_executed: 1, parent_cnt: 1
[2025-08-10 08:17:06.461] Running function modify_timeline for transaction dfccc098-8ea8-441a-889c-297d87ab540a, repair: False, repair_mode: , REPAIR_STATES: {}
[2025-08-10 08:17:06.495] trigger local function: deposit of: 8ba77770-0618-44f9-8046-d6894ba7c661, repair:False, repair_mode:, repair_mode_changed:False
[2025-08-10 08:17:06.495] check runnable for function: deposit, up_cnt: 0, parent_executed: 1, parent_cnt: 1
[2025-08-10 08:17:06.495] Running function deposit for transaction 8ba77770-0618-44f9-8046-d6894ba7c661, repair: False, repair_mode: , REPAIR_STATES: {}
